Component: ARM Compiler 5.06 update 6 (build 750) Tool: armlink [4d35ed]

==============================================================================

Section Cross References

    startup_stm32f103xb.o(RESET) refers to startup_stm32f103xb.o(STACK) for __initial_sp
    startup_stm32f103xb.o(RESET) refers to startup_stm32f103xb.o(.text) for Reset_Handler
    startup_stm32f103xb.o(RESET) refers to stm32f1xx_it.o(i.NMI_Handler) for NMI_Handler
    startup_stm32f103xb.o(RESET) refers to stm32f1xx_it.o(i.HardFault_Handler) for HardFault_Handler
    startup_stm32f103xb.o(RESET) refers to stm32f1xx_it.o(i.MemManage_Handler) for MemManage_Handler
    startup_stm32f103xb.o(RESET) refers to stm32f1xx_it.o(i.BusFault_Handler) for BusFault_Handler
    startup_stm32f103xb.o(RESET) refers to stm32f1xx_it.o(i.UsageFault_Handler) for UsageFault_Handler
    startup_stm32f103xb.o(RESET) refers to stm32f1xx_it.o(i.SVC_Handler) for SVC_Handler
    startup_stm32f103xb.o(RESET) refers to stm32f1xx_it.o(i.DebugMon_Handler) for DebugMon_Handler
    startup_stm32f103xb.o(RESET) refers to stm32f1xx_it.o(i.PendSV_Handler) for PendSV_Handler
    startup_stm32f103xb.o(RESET) refers to stm32f1xx_it.o(i.SysTick_Handler) for SysTick_Handler
    startup_stm32f103xb.o(RESET) refers to stm32f1xx_it.o(i.DMA1_Channel1_IRQHandler) for DMA1_Channel1_IRQHandler
    startup_stm32f103xb.o(RESET) refers to stm32f1xx_it.o(i.USB_LP_CAN1_RX0_IRQHandler) for USB_LP_CAN1_RX0_IRQHandler
    startup_stm32f103xb.o(RESET) refers to stm32f1xx_it.o(i.TIM1_UP_IRQHandler) for TIM1_UP_IRQHandler
    startup_stm32f103xb.o(.text) refers to system_stm32f1xx.o(i.SystemInit) for SystemInit
    startup_stm32f103xb.o(.text) refers to entry.o(.ARM.Collect$$$$00000000) for __main
    main.o(i.HAL_TIM_PeriodElapsedCallback) refers to stm32f1xx_hal_adc.o(i.HAL_ADC_Start_DMA) for HAL_ADC_Start_DMA
    main.o(i.HAL_TIM_PeriodElapsedCallback) refers to main.o(.bss) for .bss
    main.o(i.MX_ADC1_Init) refers to stm32f1xx_hal_adc.o(i.HAL_ADC_Init) for HAL_ADC_Init
    main.o(i.MX_ADC1_Init) refers to stm32f1xx_hal_adc.o(i.HAL_ADC_ConfigChannel) for HAL_ADC_ConfigChannel
    main.o(i.MX_ADC1_Init) refers to main.o(.bss) for .bss
    main.o(i.MX_GPIO_Init) refers to stm32f1xx_hal_gpio.o(i.HAL_GPIO_WritePin) for HAL_GPIO_WritePin
    main.o(i.MX_GPIO_Init) refers to stm32f1xx_hal_gpio.o(i.HAL_GPIO_Init) for HAL_GPIO_Init
    main.o(i.MX_RTC_Init) refers to stm32f1xx_hal_rtc.o(i.HAL_RTC_Init) for HAL_RTC_Init
    main.o(i.MX_RTC_Init) refers to stm32f1xx_hal_rtc.o(i.HAL_RTC_SetTime) for HAL_RTC_SetTime
    main.o(i.MX_RTC_Init) refers to stm32f1xx_hal_rtc.o(i.HAL_RTC_SetDate) for HAL_RTC_SetDate
    main.o(i.MX_RTC_Init) refers to main.o(.bss) for .bss
    main.o(i.MX_TIM1_Init) refers to stm32f1xx_hal_tim.o(i.HAL_TIM_Base_Init) for HAL_TIM_Base_Init
    main.o(i.MX_TIM1_Init) refers to stm32f1xx_hal_tim.o(i.HAL_TIM_ConfigClockSource) for HAL_TIM_ConfigClockSource
    main.o(i.MX_TIM1_Init) refers to stm32f1xx_hal_tim_ex.o(i.HAL_TIMEx_MasterConfigSynchronization) for HAL_TIMEx_MasterConfigSynchronization
    main.o(i.MX_TIM1_Init) refers to main.o(.bss) for .bss
    main.o(i.SystemClock_Config) refers to memseta.o(.text) for __aeabi_memclr4
    main.o(i.SystemClock_Config) refers to stm32f1xx_hal_rcc.o(i.HAL_RCC_OscConfig) for HAL_RCC_OscConfig
    main.o(i.SystemClock_Config) refers to stm32f1xx_hal_rcc.o(i.HAL_RCC_ClockConfig) for HAL_RCC_ClockConfig
    main.o(i.SystemClock_Config) refers to stm32f1xx_hal_rcc_ex.o(i.HAL_RCCEx_PeriphCLKConfig) for HAL_RCCEx_PeriphCLKConfig
    main.o(i.main) refers to stm32f1xx_hal.o(i.HAL_Init) for HAL_Init
    main.o(i.main) refers to main.o(i.SystemClock_Config) for SystemClock_Config
    main.o(i.main) refers to main.o(i.MX_GPIO_Init) for MX_GPIO_Init
    main.o(i.main) refers to stm32f1xx_hal_cortex.o(i.HAL_NVIC_SetPriority) for HAL_NVIC_SetPriority
    main.o(i.main) refers to stm32f1xx_hal_cortex.o(i.HAL_NVIC_EnableIRQ) for HAL_NVIC_EnableIRQ
    main.o(i.main) refers to main.o(i.MX_ADC1_Init) for MX_ADC1_Init
    main.o(i.main) refers to usb_device.o(i.MX_USB_DEVICE_Init) for MX_USB_DEVICE_Init
    main.o(i.main) refers to main.o(i.MX_TIM1_Init) for MX_TIM1_Init
    main.o(i.main) refers to main.o(i.MX_RTC_Init) for MX_RTC_Init
    main.o(i.main) refers to memseta.o(.text) for __aeabi_memclr4
    main.o(i.main) refers to stm32f1xx_hal_tim.o(i.HAL_TIM_Base_Init) for HAL_TIM_Base_Init
    main.o(i.main) refers to stm32f1xx_hal_tim.o(i.HAL_TIM_Base_Start_IT) for HAL_TIM_Base_Start_IT
    main.o(i.main) refers to usbd_cdc_if.o(i.CDC_Transmit_FS) for CDC_Transmit_FS
    main.o(i.main) refers to main.o(.bss) for .bss
    usb_device.o(i.MX_USB_DEVICE_Init) refers to usbd_core.o(i.USBD_Init) for USBD_Init
    usb_device.o(i.MX_USB_DEVICE_Init) refers to main.o(i.Error_Handler) for Error_Handler
    usb_device.o(i.MX_USB_DEVICE_Init) refers to usbd_core.o(i.USBD_RegisterClass) for USBD_RegisterClass
[...]
    ..\Drivers\STM32F1xx_HAL_Driver\Src\stm32f1xx_hal_cortex.c 0x00000000   Number         0  stm32f1xx_hal_cortex.o ABSOLUTE
    ..\Drivers\STM32F1xx_HAL_Driver\Src\stm32f1xx_hal_dma.c 0x00000000   Number         0  stm32f1xx_hal_dma.o ABSOLUTE
    ..\Drivers\STM32F1xx_HAL_Driver\Src\stm32f1xx_hal_flash.c 0x00000000   Number         0  stm32f1xx_hal_flash.o ABSOLUTE
    ..\Drivers\STM32F1xx_HAL_Driver\Src\stm32f1xx_hal_flash_ex.c 0x00000000   Number         0  stm32f1xx_hal_flash_ex.o ABSOLUTE
    ..\Drivers\STM32F1xx_HAL_Driver\Src\stm32f1xx_hal_gpio.c 0x00000000   Number         0  stm32f1xx_hal_gpio.o ABSOLUTE
    ..\Drivers\STM32F1xx_HAL_Driver\Src\stm32f1xx_hal_gpio_ex.c 0x00000000   Number         0  stm32f1xx_hal_gpio_ex.o ABSOLUTE
    ..\Drivers\STM32F1xx_HAL_Driver\Src\stm32f1xx_hal_pcd.c 0x00000000   Number         0  stm32f1xx_hal_pcd.o ABSOLUTE
    ..\Drivers\STM32F1xx_HAL_Driver\Src\stm32f1xx_hal_pcd_ex.c 0x00000000   Number         0  stm32f1xx_hal_pcd_ex.o ABSOLUTE
    ..\Drivers\STM32F1xx_HAL_Driver\Src\stm32f1xx_hal_pwr.c 0x00000000   Number         0  stm32f1xx_hal_pwr.o ABSOLUTE
    ..\Drivers\STM32F1xx_HAL_Driver\Src\stm32f1xx_hal_rcc.c 0x00000000   Number         0  stm32f1xx_hal_rcc.o ABSOLUTE
    ..\Drivers\STM32F1xx_HAL_Driver\Src\stm32f1xx_hal_rcc_ex.c 0x00000000   Number         0  stm32f1xx_hal_rcc_ex.o ABSOLUTE
    ..\Drivers\STM32F1xx_HAL_Driver\Src\stm32f1xx_hal_rtc.c 0x00000000   Number         0  stm32f1xx_hal_rtc.o ABSOLUTE
    ..\Drivers\STM32F1xx_HAL_Driver\Src\stm32f1xx_hal_rtc_ex.c 0x00000000   Number         0  stm32f1xx_hal_rtc_ex.o ABSOLUTE
    ..\Drivers\STM32F1xx_HAL_Driver\Src\stm32f1xx_hal_tim.c 0x00000000   Number         0  stm32f1xx_hal_tim.o ABSOLUTE
    ..\Drivers\STM32F1xx_HAL_Driver\Src\stm32f1xx_hal_tim_ex.c 0x00000000   Number         0  stm32f1xx_hal_tim_ex.o ABSOLUTE
    ..\Drivers\STM32F1xx_HAL_Driver\Src\stm32f1xx_ll_usb.c 0x00000000   Number         0  stm32f1xx_ll_usb.o ABSOLUTE
    ..\Middlewares\ST\STM32_USB_Device_Library\Class\CDC\Src\usbd_cdc.c 0x00000000   Number         0  usbd_cdc.o ABSOLUTE
    ..\Middlewares\ST\STM32_USB_Device_Library\Core\Src\usbd_core.c 0x00000000   Number         0  usbd_core.o ABSOLUTE
    ..\Middlewares\ST\STM32_USB_Device_Library\Core\Src\usbd_ctlreq.c 0x00000000   Number         0  usbd_ctlreq.o ABSOLUTE
    ..\Middlewares\ST\STM32_USB_Device_Library\Core\Src\usbd_ioreq.c 0x00000000   Number         0  usbd_ioreq.o ABSOLUTE
    ..\Src\main.c                            0x00000000   Number         0  main.o ABSOLUTE
    ..\Src\stm32f1xx_hal_msp.c               0x00000000   Number         0  stm32f1xx_hal_msp.o ABSOLUTE
    ..\Src\stm32f1xx_it.c                    0x00000000   Number         0  stm32f1xx_it.o ABSOLUTE
    ..\Src\system_stm32f1xx.c                0x00000000   Number         0  system_stm32f1xx.o ABSOLUTE
    ..\Src\usb_device.c                      0x00000000   Number         0  usb_device.o ABSOLUTE
    ..\Src\usbd_cdc_if.c                     0x00000000   Number         0  usbd_cdc_if.o ABSOLUTE
    ..\Src\usbd_conf.c                       0x00000000   Number         0  usbd_conf.o ABSOLUTE
    ..\Src\usbd_desc.c                       0x00000000   Number         0  usbd_desc.o ABSOLUTE
    dc.s                                     0x00000000   Number         0  dc.o ABSOLUTE
    handlers.s                               0x00000000   Number         0  handlers.o ABSOLUTE
    init.s                                   0x00000000   Number         0  init.o ABSOLUTE
    startup_stm32f103xb.s                    0x00000000   Number         0  startup_stm32f103xb.o ABSOLUTE
    RESET                                    0x08000000   Section      236  startup_stm32f103xb.o(RESET)
    .ARM.Collect$$$$00000000                 0x080000ec   Section        0  entry.o(.ARM.Collect$$$$00000000)
    .ARM.Collect$$$$00000001                 0x080000ec   Section        4  entry2.o(.ARM.Collect$$$$00000001)
    .ARM.Collect$$$$00000004                 0x080000f0   Section        4  entry5.o(.ARM.Collect$$$$00000004)
    .ARM.Collect$$$$00000008                 0x080000f4   Section        0  entry7b.o(.ARM.Collect$$$$00000008)
    .ARM.Collect$$$$0000000A                 0x080000f4   Section        0  entry8b.o(.ARM.Collect$$$$0000000A)
    .ARM.Collect$$$$0000000B                 0x080000f4   Section        8  entry9a.o(.ARM.Collect$$$$0000000B)
    .ARM.Collect$$$$0000000D                 0x080000fc   Section        0  entry10a.o(.ARM.Collect$$$$0000000D)
    .ARM.Collect$$$$0000000F                 0x080000fc   Section        0  entry11a.o(.ARM.Collect$$$$0000000F)
    .ARM.Collect$$$$00002712                 0x080000fc   Section        4  entry2.o(.ARM.Collect$$$$00002712)
    __lit__00000000                          0x080000fc   Data           4  entry2.o(.ARM.Collect$$$$00002712)
    .text                                    0x08000100   Section       36  startup_stm32f103xb.o(.text)
    .text                                    0x08000124   Section        0  memcpya.o(.text)
    .text                                    0x08000148   Section        0  memseta.o(.text)
    .text                                    0x0800016c   Section       36  init.o(.text)
    .text                                    0x08000190   Section        0  __dczerorl2.o(.text)
    i.ADC_ConversionStop_Disable             0x080001e8   Section        0  stm32f1xx_hal_adc.o(i.ADC_ConversionStop_Disable)
    i.ADC_DMAConvCplt                        0x08000234   Section        0  stm32f1xx_hal_adc.o(i.ADC_DMAConvCplt)
    i.ADC_DMAError                           0x08000282   Section        0  stm32f1xx_hal_adc.o(i.ADC_DMAError)
    i.ADC_DMAHalfConvCplt                    0x0800029c   Section        0  stm32f1xx_hal_adc.o(i.ADC_DMAHalfConvCplt)
    i.ADC_Enable                             0x080002a8   Section        0  stm32f1xx_hal_adc.o(i.ADC_Enable)
    i.BusFault_Handler                       0x08000318   Section        0  stm32f1xx_it.o(i.BusFault_Handler)
    i.CDC_Control_FS                         0x0800031a   Section        0  usbd_cdc_if.o(i.CDC_Control_FS)
    CDC_Control_FS                           0x0800031b   Thumb Code     4  usbd_cdc_if.o(i.CDC_Control_FS)
    i.CDC_DeInit_FS                          0x0800031e   Section        0  usbd_cdc_if.o(i.CDC_DeInit_FS)
    CDC_DeInit_FS                            0x0800031f   Thumb Code     4  usbd_cdc_if.o(i.CDC_DeInit_FS)
    i.CDC_Init_FS                            0x08000324   Section        0  usbd_cdc_if.o(i.CDC_Init_FS)
    CDC_Init_FS                              0x08000325   Thumb Code    24  usbd_cdc_if.o(i.CDC_Init_FS)
    i.CDC_Receive_FS                         0x08000348   Section        0  usbd_cdc_if.o(i.CDC_Receive_FS)
    CDC_Receive_FS                           0x08000349   Thumb Code    20  usbd_cdc_if.o(i.CDC_Receive_FS)
    i.CDC_Transmit_FS                        0x08000360   Section        0  usbd_cdc_if.o(i.CDC_Transmit_FS)
    i.DMA1_Channel1_IRQHandler               0x0800038c   Section        0  stm32f1xx_it.o(i.DMA1_Channel1_IRQHandler)
    i.DMA_SetConfig                          0x08000398   Section        0  stm32f1xx_hal_dma.o(i.DMA_SetConfig)
    DMA_SetConfig                            0x08000399   Thumb Code    42  stm32f1xx_hal_dma.o(i.DMA_SetConfig)
    i.DebugMon_Handler                       0x080003c2   Section        0  stm32f1xx_it.o(i.DebugMon_Handler)
    i.Error_Handler                          0x080003c4   Section        0  main.o(i.Error_Handler)
    i.HAL_ADC_ConfigChannel                  0x080003c8   Section        0  stm32f1xx_hal_adc.o(i.HAL_ADC_ConfigChannel)
    i.HAL_ADC_ConvCpltCallback               0x080004c4   Section        0  stm32f1xx_hal_adc.o(i.HAL_ADC_ConvCpltCallback)
    i.HAL_ADC_ConvHalfCpltCallback           0x080004c6   Section        0  stm32f1xx_hal_adc.o(i.HAL_ADC_ConvHalfCpltCallback)
    i.HAL_ADC_ErrorCallback                  0x080004c8   Section        0  stm32f1xx_hal_adc.o(i.HAL_ADC_ErrorCallback)
    i.HAL_ADC_Init                           0x080004cc   Section        0  stm32f1xx_hal_adc.o(i.HAL_ADC_Init)
    i.HAL_ADC_MspInit                        0x080005e8   Section        0  stm32f1xx_hal_msp.o(i.HAL_ADC_MspInit)
    i.HAL_ADC_Start_DMA                      0x08000674   Section        0  stm32f1xx_hal_adc.o(i.HAL_ADC_Start_DMA)
    i.HAL_DMA_IRQHandler                     0x08000780   Section        0  stm32f1xx_hal_dma.o(i.HAL_DMA_IRQHandler)
    i.HAL_DMA_Init                           0x080008d4   Section        0  stm32f1xx_hal_dma.o(i.HAL_DMA_Init)
    i.HAL_DMA_Start_IT                       0x08000930   Section        0  stm32f1xx_hal_dma.o(i.HAL_DMA_Start_IT)
    i.HAL_GPIO_Init                          0x080009a0   Section        0  stm32f1xx_hal_gpio.o(i.HAL_GPIO_Init)
    i.HAL_GPIO_WritePin                      0x08000b5c   Section        0  stm32f1xx_hal_gpio.o(i.HAL_GPIO_WritePin)
    i.HAL_GetTick                            0x08000b68   Section        0  stm32f1xx_hal.o(i.HAL_GetTick)
    i.HAL_IncTick                            0x08000b74   Section        0  stm32f1xx_hal.o(i.HAL_IncTick)
    i.HAL_Init                               0x08000b84   Section        0  stm32f1xx_hal.o(i.HAL_Init)
    i.HAL_InitTick                           0x08000ba8   Section        0  stm32f1xx_hal.o(i.HAL_InitTick)
    i.HAL_MspInit                            0x08000be8   Section        0  stm32f1xx_hal_msp.o(i.HAL_MspInit)
    i.HAL_NVIC_EnableIRQ                     0x08000c24   Section        0  stm32f1xx_hal_cortex.o(i.HAL_NVIC_EnableIRQ)
    i.HAL_NVIC_SetPriority                   0x08000c3c   Section        0  stm32f1xx_hal_cortex.o(i.HAL_NVIC_SetPriority)
    i.HAL_NVIC_SetPriorityGrouping           0x08000c7c   Section        0  stm32f1xx_hal_cortex.o(i.HAL_NVIC_SetPriorityGrouping)
    i.HAL_PCDEx_PMAConfig                    0x08000ca0   Section        0  stm32f1xx_hal_pcd_ex.o(i.HAL_PCDEx_PMAConfig)
    i.HAL_PCDEx_SetConnectionState           0x08000cd4   Section        0  usbd_conf.o(i.HAL_PCDEx_SetConnectionState)
    i.HAL_PCD_DataInStageCallback            0x08000cd6   Section        0  usbd_conf.o(i.HAL_PCD_DataInStageCallback)
    i.HAL_PCD_DataOutStageCallback           0x08000ce4   Section        0  usbd_conf.o(i.HAL_PCD_DataOutStageCallback)
    i.HAL_PCD_EP_Close                       0x08000cf4   Section        0  stm32f1xx_hal_pcd.o(i.HAL_PCD_EP_Close)
    i.HAL_PCD_EP_ClrStall                    0x08000d34   Section        0  stm32f1xx_hal_pcd.o(i.HAL_PCD_EP_ClrStall)
    i.HAL_PCD_EP_GetRxCount                  0x08000d7c   Section        0  stm32f1xx_hal_pcd.o(i.HAL_PCD_EP_GetRxCount)
    i.HAL_PCD_EP_Open                        0x08000d8c   Section        0  stm32f1xx_hal_pcd.o(i.HAL_PCD_EP_Open)
    i.HAL_PCD_EP_Receive                     0x08000dd0   Section        0  stm32f1xx_hal_pcd.o(i.HAL_PCD_EP_Receive)
    i.HAL_PCD_EP_SetStall                    0x08000dfe   Section        0  stm32f1xx_hal_pcd.o(i.HAL_PCD_EP_SetStall)
    i.HAL_PCD_EP_Transmit                    0x08000e54   Section        0  stm32f1xx_hal_pcd.o(i.HAL_PCD_EP_Transmit)
    i.HAL_PCD_IRQHandler                     0x08000e7e   Section        0  stm32f1xx_hal_pcd.o(i.HAL_PCD_IRQHandler)
    i.HAL_PCD_Init                           0x08000f8c   Section        0  stm32f1xx_hal_pcd.o(i.HAL_PCD_Init)
    i.HAL_PCD_MspInit                        0x0800104c   Section        0  usbd_conf.o(i.HAL_PCD_MspInit)
    i.HAL_PCD_ResetCallback                  0x08001088   Section        0  usbd_conf.o(i.HAL_PCD_ResetCallback)
    i.HAL_PCD_ResumeCallback                 0x080010ae   Section        0  usbd_conf.o(i.HAL_PCD_ResumeCallback)
    i.HAL_PCD_SOFCallback                    0x080010b6   Section        0  usbd_conf.o(i.HAL_PCD_SOFCallback)
    i.HAL_PCD_SetAddress                     0x080010be   Section        0  stm32f1xx_hal_pcd.o(i.HAL_PCD_SetAddress)
    i.HAL_PCD_SetupStageCallback             0x080010e6   Section        0  usbd_conf.o(i.HAL_PCD_SetupStageCallback)
    i.HAL_PCD_Start                          0x080010f4   Section        0  stm32f1xx_hal_pcd.o(i.HAL_PCD_Start)
    i.HAL_PCD_SuspendCallback                0x08001128   Section        0  usbd_conf.o(i.HAL_PCD_SuspendCallback)
    i.HAL_PWR_EnableBkUpAccess               0x0800114c   Section        0  stm32f1xx_hal_pwr.o(i.HAL_PWR_EnableBkUpAccess)
    i.HAL_RCCEx_GetPeriphCLKFreq             0x08001158   Section        0  stm32f1xx_hal_rcc_ex.o(i.HAL_RCCEx_GetPeriphCLKFreq)
    i.HAL_RCCEx_PeriphCLKConfig              0x08001220   Section        0  stm32f1xx_hal_rcc_ex.o(i.HAL_RCCEx_PeriphCLKConfig)
    i.HAL_RCC_ClockConfig                    0x0800130c   Section        0  stm32f1xx_hal_rcc.o(i.HAL_RCC_ClockConfig)
    i.HAL_RCC_GetPCLK2Freq                   0x08001478   Section        0  stm32f1xx_hal_rcc.o(i.HAL_RCC_GetPCLK2Freq)
    i.HAL_RCC_GetSysClockFreq                0x08001498   Section        0  stm32f1xx_hal_rcc.o(i.HAL_RCC_GetSysClockFreq)
    i.HAL_RCC_OscConfig                      0x08001504   Section        0  stm32f1xx_hal_rcc.o(i.HAL_RCC_OscConfig)
    i.HAL_RTC_Init                           0x08001808   Section        0  stm32f1xx_hal_rtc.o(i.HAL_RTC_Init)
    i.HAL_RTC_MspInit                        0x080018a8   Section        0  stm32f1xx_hal_msp.o(i.HAL_RTC_MspInit)
    i.HAL_RTC_SetDate                        0x080018dc   Section        0  stm32f1xx_hal_rtc.o(i.HAL_RTC_SetDate)
    i.HAL_RTC_SetTime                        0x080019a0   Section        0  stm32f1xx_hal_rtc.o(i.HAL_RTC_SetTime)
    i.HAL_RTC_WaitForSynchro                 0x08001a4c   Section        0  stm32f1xx_hal_rtc.o(i.HAL_RTC_WaitForSynchro)
    i.HAL_SYSTICK_Config                     0x08001a86   Section        0  stm32f1xx_hal_cortex.o(i.HAL_SYSTICK_Config)
    i.HAL_TIMEx_BreakCallback                0x08001aae   Section        0  stm32f1xx_hal_tim_ex.o(i.HAL_TIMEx_BreakCallback)
    i.HAL_TIMEx_CommutationCallback          0x08001ab0   Section        0  stm32f1xx_hal_tim_ex.o(i.HAL_TIMEx_CommutationCallback)
    i.HAL_TIMEx_MasterConfigSynchronization  0x08001ab2   Section        0  stm32f1xx_hal_tim_ex.o(i.HAL_TIMEx_MasterConfigSynchronization)
    i.HAL_TIM_Base_Init                      0x08001b02   Section        0  stm32f1xx_hal_tim.o(i.HAL_TIM_Base_Init)
    i.HAL_TIM_Base_MspInit                   0x08001b38   Section        0  stm32f1xx_hal_msp.o(i.HAL_TIM_Base_MspInit)
    i.HAL_TIM_Base_Start_IT                  0x08001b74   Section        0  stm32f1xx_hal_tim.o(i.HAL_TIM_Base_Start_IT)
    i.HAL_TIM_ConfigClockSource              0x08001b8c   Section        0  stm32f1xx_hal_tim.o(i.HAL_TIM_ConfigClockSource)
    i.HAL_TIM_IC_CaptureCallback             0x08001c7e   Section        0  stm32f1xx_hal_tim.o(i.HAL_TIM_IC_CaptureCallback)
    i.HAL_TIM_IRQHandler                     0x08001c80   Section        0  stm32f1xx_hal_tim.o(i.HAL_TIM_IRQHandler)
    i.HAL_TIM_OC_DelayElapsedCallback        0x08001de6   Section        0  stm32f1xx_hal_tim.o(i.HAL_TIM_OC_DelayElapsedCallback)
    i.HAL_TIM_PWM_PulseFinishedCallback      0x08001de8   Section        0  stm32f1xx_hal_tim.o(i.HAL_TIM_PWM_PulseFinishedCallback)
    i.HAL_TIM_PeriodElapsedCallback          0x08001dec   Section        0  main.o(i.HAL_TIM_PeriodElapsedCallback)
    i.HAL_TIM_TriggerCallback                0x08001e34   Section        0  stm32f1xx_hal_tim.o(i.HAL_TIM_TriggerCallback)
    i.HardFault_Handler                      0x08001e36   Section        0  stm32f1xx_it.o(i.HardFault_Handler)
    i.IntToUnicode                           0x08001e38   Section        0  usbd_desc.o(i.IntToUnicode)
    IntToUnicode                             0x08001e39   Thumb Code    56  usbd_desc.o(i.IntToUnicode)
    i.MX_ADC1_Init                           0x08001e70   Section        0  main.o(i.MX_ADC1_Init)
    MX_ADC1_Init                             0x08001e71   Thumb Code    98  main.o(i.MX_ADC1_Init)
    i.MX_GPIO_Init                           0x08001edc   Section        0  main.o(i.MX_GPIO_Init)
    MX_GPIO_Init                             0x08001edd   Thumb Code   104  main.o(i.MX_GPIO_Init)
    i.MX_RTC_Init                            0x08001f4c   Section        0  main.o(i.MX_RTC_Init)
    MX_RTC_Init                              0x08001f4d   Thumb Code    80  main.o(i.MX_RTC_Init)
    i.MX_TIM1_Init                           0x08001fa4   Section        0  main.o(i.MX_TIM1_Init)
    MX_TIM1_Init                             0x08001fa5   Thumb Code    78  main.o(i.MX_TIM1_Init)
    i.MX_USB_DEVICE_Init                     0x08001ffc   Section        0  usb_device.o(i.MX_USB_DEVICE_Init)
    i.MemManage_Handler                      0x08002050   Section        0  stm32f1xx_it.o(i.MemManage_Handler)
    i.NMI_Handler                            0x08002052   Section        0  stm32f1xx_it.o(i.NMI_Handler)
    i.NVIC_SetPriority                       0x08002054   Section        0  stm32f1xx_hal_cortex.o(i.NVIC_SetPriority)
    NVIC_SetPriority                         0x08002055   Thumb Code    32  stm32f1xx_hal_cortex.o(i.NVIC_SetPriority)
    i.PCD_EP_ISR_Handler                     0x08002074   Section        0  stm32f1xx_hal_pcd.o(i.PCD_EP_ISR_Handler)
    PCD_EP_ISR_Handler                       0x08002075   Thumb Code   866  stm32f1xx_hal_pcd.o(i.PCD_EP_ISR_Handler)
    i.PendSV_Handler                         0x080023d6   Section        0  stm32f1xx_it.o(i.PendSV_Handler)
    i.RTC_Bcd2ToByte                         0x080023d8   Section        0  stm32f1xx_hal_rtc.o(i.RTC_Bcd2ToByte)
    RTC_Bcd2ToByte                           0x080023d9   Thumb Code    18  stm32f1xx_hal_rtc.o(i.RTC_Bcd2ToByte)
    i.RTC_EnterInitMode                      0x080023ea   Section        0  stm32f1xx_hal_rtc.o(i.RTC_EnterInitMode)
    RTC_EnterInitMode                        0x080023eb   Thumb Code    52  stm32f1xx_hal_rtc.o(i.RTC_EnterInitMode)
    i.RTC_ExitInitMode                       0x08002420   Section        0  stm32f1xx_hal_rtc.o(i.RTC_ExitInitMode)
    RTC_ExitInitMode                         0x08002421   Thumb Code    54  stm32f1xx_hal_rtc.o(i.RTC_ExitInitMode)
    i.RTC_ReadAlarmCounter                   0x08002456   Section        0  stm32f1xx_hal_rtc.o(i.RTC_ReadAlarmCounter)
    RTC_ReadAlarmCounter                     0x08002457   Thumb Code    14  stm32f1xx_hal_rtc.o(i.RTC_ReadAlarmCounter)
    i.RTC_ReadTimeCounter                    0x08002464   Section        0  stm32f1xx_hal_rtc.o(i.RTC_ReadTimeCounter)
    RTC_ReadTimeCounter                      0x08002465   Thumb Code    32  stm32f1xx_hal_rtc.o(i.RTC_ReadTimeCounter)
    i.RTC_WeekDayNum                         0x08002484   Section        0  stm32f1xx_hal_rtc.o(i.RTC_WeekDayNum)
    RTC_WeekDayNum                           0x08002485   Thumb Code    86  stm32f1xx_hal_rtc.o(i.RTC_WeekDayNum)
    i.RTC_WriteAlarmCounter                  0x080024da   Section        0  stm32f1xx_hal_rtc.o(i.RTC_WriteAlarmCounter)
    RTC_WriteAlarmCounter                    0x080024db   Thumb Code    40  stm32f1xx_hal_rtc.o(i.RTC_WriteAlarmCounter)
    i.RTC_WriteTimeCounter                   0x08002502   Section        0  stm32f1xx_hal_rtc.o(i.RTC_WriteTimeCounter)
    RTC_WriteTimeCounter                     0x08002503   Thumb Code    40  stm32f1xx_hal_rtc.o(i.RTC_WriteTimeCounter)
    i.SVC_Handler                            0x0800252a   Section        0  stm32f1xx_it.o(i.SVC_Handler)
    i.SysTick_Handler                        0x0800252c   Section        0  stm32f1xx_it.o(i.SysTick_Handler)
    i.SystemClock_Config                     0x08002530   Section        0  main.o(i.SystemClock_Config)
    i.SystemInit                             0x080025a0   Section        0  system_stm32f1xx.o(i.SystemInit)
    i.TIM1_UP_IRQHandler                     0x080025e8   Section        0  stm32f1xx_it.o(i.TIM1_UP_IRQHandler)
    i.TIM_Base_SetConfig                     0x080025f4   Section        0  stm32f1xx_hal_tim.o(i.TIM_Base_SetConfig)
    i.TIM_ETR_SetConfig                      0x08002660   Section        0  stm32f1xx_hal_tim.o(i.TIM_ETR_SetConfig)
    TIM_ETR_SetConfig                        0x08002661   Thumb Code    20  stm32f1xx_hal_tim.o(i.TIM_ETR_SetConfig)
    i.TIM_ITRx_SetConfig                     0x08002674   Section        0  stm32f1xx_hal_tim.o(i.TIM_ITRx_SetConfig)
    TIM_ITRx_SetConfig                       0x08002675   Thumb Code    16  stm32f1xx_hal_tim.o(i.TIM_ITRx_SetConfig)
    i.TIM_TI1_ConfigInputStage               0x08002684   Section        0  stm32f1xx_hal_tim.o(i.TIM_TI1_ConfigInputStage)
    TIM_TI1_ConfigInputStage                 0x08002685   Thumb Code    34  stm32f1xx_hal_tim.o(i.TIM_TI1_ConfigInputStage)
    i.TIM_TI2_ConfigInputStage               0x080026a6   Section        0  stm32f1xx_hal_tim.o(i.TIM_TI2_ConfigInputStage)
    TIM_TI2_ConfigInputStage                 0x080026a7   Thumb Code    36  stm32f1xx_hal_tim.o(i.TIM_TI2_ConfigInputStage)
    i.USBD_CDC_DataIn                        0x080026ca   Section        0  usbd_cdc.o(i.USBD_CDC_DataIn)
    USBD_CDC_DataIn                          0x080026cb   Thumb Code    20  usbd_cdc.o(i.USBD_CDC_DataIn)
    i.USBD_CDC_DataOut                       0x080026de   Section        0  usbd_cdc.o(i.USBD_CDC_DataOut)
    USBD_CDC_DataOut                         0x080026df   Thumb Code    46  usbd_cdc.o(i.USBD_CDC_DataOut)
    i.USBD_CDC_DeInit                        0x0800270c   Section        0  usbd_cdc.o(i.USBD_CDC_DeInit)
    USBD_CDC_DeInit                          0x0800270d   Thumb Code    60  usbd_cdc.o(i.USBD_CDC_DeInit)
    i.USBD_CDC_EP0_RxReady                   0x08002748   Section        0  usbd_cdc.o(i.USBD_CDC_EP0_RxReady)
    USBD_CDC_EP0_RxReady                     0x08002749   Thumb Code    36  usbd_cdc.o(i.USBD_CDC_EP0_RxReady)
    i.USBD_CDC_GetDeviceQualifierDescriptor  0x0800276c   Section        0  usbd_cdc.o(i.USBD_CDC_GetDeviceQualifierDescriptor)
    i.USBD_CDC_GetFSCfgDesc                  0x08002778   Section        0  usbd_cdc.o(i.USBD_CDC_GetFSCfgDesc)
    USBD_CDC_GetFSCfgDesc                    0x08002779   Thumb Code     8  usbd_cdc.o(i.USBD_CDC_GetFSCfgDesc)
    i.USBD_CDC_GetHSCfgDesc                  0x08002784   Section        0  usbd_cdc.o(i.USBD_CDC_GetHSCfgDesc)
    USBD_CDC_GetHSCfgDesc                    0x08002785   Thumb Code     8  usbd_cdc.o(i.USBD_CDC_GetHSCfgDesc)
    i.USBD_CDC_GetOtherSpeedCfgDesc          0x08002790   Section        0  usbd_cdc.o(i.USBD_CDC_GetOtherSpeedCfgDesc)
    USBD_CDC_GetOtherSpeedCfgDesc            0x08002791   Thumb Code     8  usbd_cdc.o(i.USBD_CDC_GetOtherSpeedCfgDesc)
    i.USBD_CDC_Init                          0x0800279c   Section        0  usbd_cdc.o(i.USBD_CDC_Init)
    USBD_CDC_Init                            0x0800279d   Thumb Code   136  usbd_cdc.o(i.USBD_CDC_Init)
    i.USBD_CDC_ReceivePacket                 0x08002824   Section        0  usbd_cdc.o(i.USBD_CDC_ReceivePacket)
    i.USBD_CDC_RegisterInterface             0x0800284c   Section        0  usbd_cdc.o(i.USBD_CDC_RegisterInterface)
    i.USBD_CDC_SetRxBuffer                   0x0800285c   Section        0  usbd_cdc.o(i.USBD_CDC_SetRxBuffer)
    i.USBD_CDC_SetTxBuffer                   0x08002868   Section        0  usbd_cdc.o(i.USBD_CDC_SetTxBuffer)
    i.USBD_CDC_Setup                         0x08002878   Section        0  usbd_cdc.o(i.USBD_CDC_Setup)
    USBD_CDC_Setup                           0x08002879   Thumb Code   106  usbd_cdc.o(i.USBD_CDC_Setup)
    i.USBD_CDC_TransmitPacket                0x080028e8   Section        0  usbd_cdc.o(i.USBD_CDC_TransmitPacket)
    i.USBD_ClrClassConfig                    0x08002918   Section        0  usbd_core.o(i.USBD_ClrClassConfig)
    i.USBD_CtlContinueRx                     0x08002926   Section        0  usbd_ioreq.o(i.USBD_CtlContinueRx)
    i.USBD_CtlContinueSendData               0x08002936   Section        0  usbd_ioreq.o(i.USBD_CtlContinueSendData)
    i.USBD_CtlError                          0x08002946   Section        0  usbd_ctlreq.o(i.USBD_CtlError)
    i.USBD_CtlPrepareRx                      0x0800295c   Section        0  usbd_ioreq.o(i.USBD_CtlPrepareRx)
    i.USBD_CtlReceiveStatus                  0x0800297a   Section        0  usbd_ioreq.o(i.USBD_CtlReceiveStatus)
    i.USBD_CtlSendData                       0x08002990   Section        0  usbd_ioreq.o(i.USBD_CtlSendData)
    i.USBD_CtlSendStatus                     0x080029aa   Section        0  usbd_ioreq.o(i.USBD_CtlSendStatus)
    i.USBD_FS_ConfigStrDescriptor            0x080029c0   Section        0  usbd_desc.o(i.USBD_FS_ConfigStrDescriptor)
    i.USBD_FS_DeviceDescriptor               0x080029e0   Section        0  usbd_desc.o(i.USBD_FS_DeviceDescriptor)
    i.USBD_FS_InterfaceStrDescriptor         0x080029ec   Section        0  usbd_desc.o(i.USBD_FS_InterfaceStrDescriptor)
    i.USBD_FS_LangIDStrDescriptor            0x08002a10   Section        0  usbd_desc.o(i.USBD_FS_LangIDStrDescriptor)
    i.USBD_FS_ManufacturerStrDescriptor      0x08002a1c   Section        0  usbd_desc.o(i.USBD_FS_ManufacturerStrDescriptor)
    i.USBD_FS_ProductStrDescriptor           0x08002a44   Section        0  usbd_desc.o(i.USBD_FS_ProductStrDescriptor)
    i.USBD_FS_SerialStrDescriptor            0x08002a70   Section        0  usbd_desc.o(i.USBD_FS_SerialStrDescriptor)
    i.USBD_GetDescriptor                     0x08002aa8   Section        0  usbd_ctlreq.o(i.USBD_GetDescriptor)
    USBD_GetDescriptor                       0x08002aa9   Thumb Code   224  usbd_ctlreq.o(i.USBD_GetDescriptor)
    i.USBD_GetString                         0x08002b88   Section        0  usbd_ctlreq.o(i.USBD_GetString)
    i.USBD_Get_USB_Status                    0x08002bce   Section        0  usbd_conf.o(i.USBD_Get_USB_Status)
    USBD_Get_USB_Status                      0x08002bcf   Thumb Code    24  usbd_conf.o(i.USBD_Get_USB_Status)
    i.USBD_Init                              0x08002be6   Section        0  usbd_core.o(i.USBD_Init)
    i.USBD_LL_ClearStallEP                   0x08002c10   Section        0  usbd_conf.o(i.USBD_LL_ClearStallEP)
    i.USBD_LL_CloseEP                        0x08002c22   Section        0  usbd_conf.o(i.USBD_LL_CloseEP)
    i.USBD_LL_DataInStage                    0x08002c34   Section        0  usbd_core.o(i.USBD_LL_DataInStage)
    i.USBD_LL_DataOutStage                   0x08002cde   Section        0  usbd_core.o(i.USBD_LL_DataOutStage)
    i.USBD_LL_GetRxDataSize                  0x08002d48   Section        0  usbd_conf.o(i.USBD_LL_GetRxDataSize)
    i.USBD_LL_Init                           0x08002d50   Section        0  usbd_conf.o(i.USBD_LL_Init)
    i.USBD_LL_IsStallEP                      0x08002dd0   Section        0  usbd_conf.o(i.USBD_LL_IsStallEP)
    i.USBD_LL_OpenEP                         0x08002dec   Section        0  usbd_conf.o(i.USBD_LL_OpenEP)
    i.USBD_LL_PrepareReceive                 0x08002e04   Section        0  usbd_conf.o(i.USBD_LL_PrepareReceive)
    i.USBD_LL_Reset                          0x08002e16   Section        0  usbd_core.o(i.USBD_LL_Reset)
    i.USBD_LL_Resume                         0x08002e54   Section        0  usbd_core.o(i.USBD_LL_Resume)
    i.USBD_LL_SOF                            0x08002e60   Section        0  usbd_core.o(i.USBD_LL_SOF)
    i.USBD_LL_SetSpeed                       0x08002e78   Section        0  usbd_core.o(i.USBD_LL_SetSpeed)
    i.USBD_LL_SetUSBAddress                  0x08002e7e   Section        0  usbd_conf.o(i.USBD_LL_SetUSBAddress)
    i.USBD_LL_SetupStage                     0x08002e90   Section        0  usbd_core.o(i.USBD_LL_SetupStage)
    i.USBD_LL_StallEP                        0x08002eea   Section        0  usbd_conf.o(i.USBD_LL_StallEP)
    i.USBD_LL_Start                          0x08002efc   Section        0  usbd_conf.o(i.USBD_LL_Start)
    i.USBD_LL_Suspend                        0x08002f0e   Section        0  usbd_core.o(i.USBD_LL_Suspend)
    i.USBD_LL_Transmit                       0x08002f20   Section        0  usbd_conf.o(i.USBD_LL_Transmit)
    i.USBD_ParseSetupRequest                 0x08002f32   Section        0  usbd_ctlreq.o(i.USBD_ParseSetupRequest)
    i.USBD_RegisterClass                     0x08002f5a   Section        0  usbd_core.o(i.USBD_RegisterClass)
    i.USBD_SetClassConfig                    0x08002f6a   Section        0  usbd_core.o(i.USBD_SetClassConfig)
    i.USBD_SetConfig                         0x08002f80   Section        0  usbd_ctlreq.o(i.USBD_SetConfig)
    USBD_SetConfig                           0x08002f81   Thumb Code   110  usbd_ctlreq.o(i.USBD_SetConfig)
    i.USBD_Start                             0x08002ff4   Section        0  usbd_core.o(i.USBD_Start)
    i.USBD_StdDevReq                         0x08002ffe   Section        0  usbd_ctlreq.o(i.USBD_StdDevReq)
    i.USBD_StdEPReq                          0x080030f0   Section        0  usbd_ctlreq.o(i.USBD_StdEPReq)
    i.USBD_StdItfReq                         0x080031cc   Section        0  usbd_ctlreq.o(i.USBD_StdItfReq)
    i.USBD_static_free                       0x08003200   Section        0  usbd_conf.o(i.USBD_static_free)
    i.USBD_static_malloc                     0x08003204   Section        0  usbd_conf.o(i.USBD_static_malloc)
    i.USB_ActivateEndpoint                   0x0800320c   Section        0  stm32f1xx_ll_usb.o(i.USB_ActivateEndpoint)
    i.USB_CoreInit                           0x08003468   Section        0  stm32f1xx_ll_usb.o(i.USB_CoreInit)
    i.USB_DeactivateEndpoint                 0x0800346c   Section        0  stm32f1xx_ll_usb.o(i.USB_DeactivateEndpoint)
    i.USB_DevConnect                         0x08003590   Section        0  stm32f1xx_ll_usb.o(i.USB_DevConnect)
    i.USB_DevDisconnect                      0x08003594   Section        0  stm32f1xx_ll_usb.o(i.USB_DevDisconnect)
    i.USB_DevInit                            0x08003598   Section        0  stm32f1xx_ll_usb.o(i.USB_DevInit)
    i.USB_DisableGlobalInt                   0x080035b6   Section        0  stm32f1xx_ll_usb.o(i.USB_DisableGlobalInt)
    i.USB_EP0_OutStart                       0x080035c4   Section        0  stm32f1xx_ll_usb.o(i.USB_EP0_OutStart)
    i.USB_EPClearStall                       0x080035c8   Section        0  stm32f1xx_ll_usb.o(i.USB_EPClearStall)
    i.USB_EPSetStall                         0x08003632   Section        0  stm32f1xx_ll_usb.o(i.USB_EPSetStall)
    i.USB_EPStartXfer                        0x0800367c   Section        0  stm32f1xx_ll_usb.o(i.USB_EPStartXfer)
    i.USB_EnableGlobalInt                    0x08003826   Section        0  stm32f1xx_ll_usb.o(i.USB_EnableGlobalInt)
    i.USB_LP_CAN1_RX0_IRQHandler             0x08003834   Section        0  stm32f1xx_it.o(i.USB_LP_CAN1_RX0_IRQHandler)
    i.USB_ReadInterrupts                     0x08003840   Section        0  stm32f1xx_ll_usb.o(i.USB_ReadInterrupts)
    i.USB_ReadPMA                            0x08003848   Section        0  stm32f1xx_ll_usb.o(i.USB_ReadPMA)
    i.USB_SetCurrentMode                     0x08003866   Section        0  stm32f1xx_ll_usb.o(i.USB_SetCurrentMode)
    i.USB_SetDevAddress                      0x0800386a   Section        0  stm32f1xx_ll_usb.o(i.USB_SetDevAddress)
    i.USB_WritePMA                           0x08003876   Section        0  stm32f1xx_ll_usb.o(i.USB_WritePMA)
    i.UsageFault_Handler                     0x0800389c   Section        0  stm32f1xx_it.o(i.UsageFault_Handler)
    i.__scatterload_copy                     0x0800389e   Section       14  handlers.o(i.__scatterload_copy)
    i.__scatterload_null                     0x080038ac   Section        2  handlers.o(i.__scatterload_null)
    i.__scatterload_zeroinit                 0x080038ae   Section       14  handlers.o(i.__scatterload_zeroinit)
    i.main                                   0x080038bc   Section        0  main.o(i.main)
    .constdata                               0x08003984   Section       16  system_stm32f1xx.o(.constdata)
    .constdata                               0x08003994   Section        8  system_stm32f1xx.o(.constdata)
    .data                                    0x20000000   Section       28  usbd_desc.o(.data)
    .data                                    0x2000001c   Section       50  usbd_desc.o(.data)
    .data                                    0x20000050   Section       16  usbd_cdc_if.o(.data)
    .data                                    0x20000060   Section       12  stm32f1xx_hal.o(.data)
    .data                                    0x2000006c   Section        4  system_stm32f1xx.o(.data)
    .data                                    0x20000070   Section        1  usbd_ctlreq.o(.data)
    cfgidx                                   0x20000070   Data           1  usbd_ctlreq.o(.data)
    .data                                    0x20000074   Section      219  usbd_cdc.o(.data)
    ifalt                                    0x20000074   Data           1  usbd_cdc.o(.data)
    USBD_CDC_DeviceQualifierDesc             0x20000078   Data          10  usbd_cdc.o(.data)
    .data                                    0x20000150   Section       56  usbd_cdc.o(.data)
    .bss                                     0x20000188   Section      460  main.o(.bss)
    .bss                                     0x20000354   Section       68  main.o(.bss)
    .bss                                     0x20000398   Section      548  usb_device.o(.bss)
    .bss                                     0x200005bc   Section     1664  usbd_conf.o(.bss)
    mem                                      0x200005bc   Data         544  usbd_conf.o(.bss)
    .bss                                     0x20000c3c   Section      512  usbd_desc.o(.bss)
    .bss                                     0x20000e3c   Section     2000  usbd_cdc_if.o(.bss)
    STACK                                    0x20001610   Section     1024  startup_stm32f103xb.o(STACK)

    Global Symbols

    Symbol Name                              Value     Ov Type        Size  Object(Section)

    BuildAttributes$$THM_ISAv4$P$D$K$B$S$PE$A:L22UL41UL21$X:L11$S22US41US21$IEEE1$IW$USESV6$~STKCKD$USESV7$~SHL$OSPACE$EBA8$MICROLIB$REQ8$PRES8$EABIv2 0x00000000   Number         0  anon$$obj.o ABSOLUTE
    __ARM_use_no_argv                        0x00000000   Number         0  main.o ABSOLUTE
    __cpp_initialize__aeabi_                  - Undefined Weak Reference
    __cxa_finalize                            - Undefined Weak Reference
    _clock_init                               - Undefined Weak Reference
    _microlib_exit                            - Undefined Weak Reference
    __Vectors_Size                           0x000000ec   Number         0  startup_stm32f103xb.o ABSOLUTE
    __Vectors                                0x08000000   Data           4  startup_stm32f103xb.o(RESET)
    __Vectors_End                            0x080000ec   Data           0  startup_stm32f103xb.o(RESET)
    __main                                   0x080000ed   Thumb Code     0  entry.o(.ARM.Collect$$$$00000000)
    _main_stk                                0x080000ed   Thumb Code     0  entry2.o(.ARM.Collect$$$$00000001)
    _main_scatterload                        0x080000f1   Thumb Code     0  entry5.o(.ARM.Collect$$$$00000004)
    __main_after_scatterload                 0x080000f5   Thumb Code     0  entry5.o(.ARM.Collect$$$$00000004)
    _main_clock                              0x080000f5   Thumb Code     0  entry7b.o(.ARM.Collect$$$$00000008)
    _main_cpp_init                           0x080000f5   Thumb Code     0  entry8b.o(.ARM.Collect$$$$0000000A)
    _main_init                               0x080000f5   Thumb Code     0  entry9a.o(.ARM.Collect$$$$0000000B)
    __rt_final_cpp                           0x080000fd   Thumb Code     0  entry10a.o(.ARM.Collect$$$$0000000D)
    __rt_final_exit                          0x080000fd   Thumb Code     0  entry11a.o(.ARM.Collect$$$$0000000F)
    Reset_Handler                            0x08000101   Thumb Code     8  startup_stm32f103xb.o(.text)
    ADC1_2_IRQHandler                        0x0800011b   Thumb Code     0  startup_stm32f103xb.o(.text)
    CAN1_RX1_IRQHandler                      0x0800011b   Thumb Code     0  startup_stm32f103xb.o(.text)
    CAN1_SCE_IRQHandler                      0x0800011b   Thumb Code     0  startup_stm32f103xb.o(.text)
    DMA1_Channel2_IRQHandler                 0x0800011b   Thumb Code     0  startup_stm32f103xb.o(.text)
    DMA1_Channel3_IRQHandler                 0x0800011b   Thumb Code     0  startup_stm32f103xb.o(.text)
    DMA1_Channel4_IRQHandler                 0x0800011b   Thumb Code     0  startup_stm32f103xb.o(.text)
    DMA1_Channel5_IRQHandler                 0x0800011b   Thumb Code     0  startup_stm32f103xb.o(.text)
    DMA1_Channel6_IRQHandler                 0x0800011b   Thumb Code     0  startup_stm32f103xb.o(.text)
    DMA1_Channel7_IRQHandler                 0x0800011b   Thumb Code     0  startup_stm32f103xb.o(.text)
    EXTI0_IRQHandler                         0x0800011b   Thumb Code     0  startup_stm32f103xb.o(.text)
    EXTI15_10_IRQHandler                     0x0800011b   Thumb Code     0  startup_stm32f103xb.o(.text)
    EXTI1_IRQHandler                         0x0800011b   Thumb Code     0  startup_stm32f103xb.o(.text)
    EXTI2_IRQHandler                         0x0800011b   Thumb Code     0  startup_stm32f103xb.o(.text)
    EXTI3_IRQHandler                         0x0800011b   Thumb Code     0  startup_stm32f103xb.o(.text)
    EXTI4_IRQHandler                         0x0800011b   Thumb Code     0  startup_stm32f103xb.o(.text)
    EXTI9_5_IRQHandler                       0x0800011b   Thumb Code     0  startup_stm32f103xb.o(.text)
    FLASH_IRQHandler                         0x0800011b   Thumb Code     0  startup_stm32f103xb.o(.text)
    I2C1_ER_IRQHandler                       0x0800011b   Thumb Code     0  startup_stm32f103xb.o(.text)
    I2C1_EV_IRQHandler                       0x0800011b   Thumb Code     0  startup_stm32f103xb.o(.text)
    I2C2_ER_IRQHandler                       0x0800011b   Thumb Code     0  startup_stm32f103xb.o(.text)
    I2C2_EV_IRQHandler                       0x0800011b   Thumb Code     0  startup_stm32f103xb.o(.text)
    PVD_IRQHandler                           0x0800011b   Thumb Code     0  startup_stm32f103xb.o(.text)
    RCC_IRQHandler                           0x0800011b   Thumb Code     0  startup_stm32f103xb.o(.text)
    RTC_Alarm_IRQHandler                     0x0800011b   Thumb Code     0  startup_stm32f103xb.o(.text)
    RTC_IRQHandler                           0x0800011b   Thumb Code     0  startup_stm32f103xb.o(.text)
    SPI1_IRQHandler                          0x0800011b   Thumb Code     0  startup_stm32f103xb.o(.text)
    SPI2_IRQHandler                          0x0800011b   Thumb Code     0  startup_stm32f103xb.o(.text)
    TAMPER_IRQHandler                        0x0800011b   Thumb Code     0  startup_stm32f103xb.o(.text)
    TIM1_BRK_IRQHandler                      0x0800011b   Thumb Code     0  startup_stm32f103xb.o(.text)
    TIM1_CC_IRQHandler                       0x0800011b   Thumb Code     0  startup_stm32f103xb.o(.text)
    TIM1_TRG_COM_IRQHandler                  0x0800011b   Thumb Code     0  startup_stm32f103xb.o(.text)
    TIM2_IRQHandler                          0x0800011b   Thumb Code     0  startup_stm32f103xb.o(.text)
    TIM3_IRQHandler                          0x0800011b   Thumb Code     0  startup_stm32f103xb.o(.text)
    TIM4_IRQHandler                          0x0800011b   Thumb Code     0  startup_stm32f103xb.o(.text)
    USART1_IRQHandler                        0x0800011b   Thumb Code     0  startup_stm32f103xb.o(.text)
    USART2_IRQHandler                        0x0800011b   Thumb Code     0  startup_stm32f103xb.o(.text)
    USART3_IRQHandler                        0x0800011b   Thumb Code     0  startup_stm32f103xb.o(.text)
    USBWakeUp_IRQHandler                     0x0800011b   Thumb Code     0  startup_stm32f103xb.o(.text)
    USB_HP_CAN1_TX_IRQHandler                0x0800011b   Thumb Code     0  startup_stm32f103xb.o(.text)
    WWDG_IRQHandler                          0x0800011b   Thumb Code     0  startup_stm32f103xb.o(.text)
    __aeabi_memcpy                           0x08000125   Thumb Code    36  memcpya.o(.text)
    __aeabi_memcpy4                          0x08000125   Thumb Code     0  memcpya.o(.text)
    __aeabi_memcpy8                          0x08000125   Thumb Code     0  memcpya.o(.text)
    __aeabi_memset                           0x08000149   Thumb Code    14  memseta.o(.text)
    __aeabi_memset4                          0x08000149   Thumb Code     0  memseta.o(.text)
    __aeabi_memset8                          0x08000149   Thumb Code     0  memseta.o(.text)
    __aeabi_memclr                           0x08000157   Thumb Code     4  memseta.o(.text)
    __aeabi_memclr4                          0x08000157   Thumb Code     0  memseta.o(.text)
    __aeabi_memclr8                          0x08000157   Thumb Code     0  memseta.o(.text)
    _memset$wrapper                          0x0800015b   Thumb Code    18  memseta.o(.text)
    __scatterload                            0x0800016d   Thumb Code    28  init.o(.text)
    __scatterload_rt2                        0x0800016d   Thumb Code     0  init.o(.text)
    __decompress                             0x08000191   Thumb Code     0  __dczerorl2.o(.text)
    __decompress1                            0x08000191   Thumb Code    86  __dczerorl2.o(.text)
    ADC_ConversionStop_Disable               0x080001e9   Thumb Code    76  stm32f1xx_hal_adc.o(i.ADC_ConversionStop_Disable)
    ADC_DMAConvCplt                          0x08000235   Thumb Code    78  stm32f1xx_hal_adc.o(i.ADC_DMAConvCplt)
    ADC_DMAError                             0x08000283   Thumb Code    26  stm32f1xx_hal_adc.o(i.ADC_DMAError)
    ADC_DMAHalfConvCplt                      0x0800029d   Thumb Code    10  stm32f1xx_hal_adc.o(i.ADC_DMAHalfConvCplt)
    ADC_Enable                               0x080002a9   Thumb Code   104  stm32f1xx_hal_adc.o(i.ADC_Enable)
    BusFault_Handler                         0x08000319   Thumb Code     2  stm32f1xx_it.o(i.BusFault_Handler)
    CDC_Transmit_FS                          0x08000361   Thumb Code    38  usbd_cdc_if.o(i.CDC_Transmit_FS)
    DMA1_Channel1_IRQHandler                 0x0800038d   Thumb Code     6  stm32f1xx_it.o(i.DMA1_Channel1_IRQHandler)
    DebugMon_Handler                         0x080003c3   Thumb Code     2  stm32f1xx_it.o(i.DebugMon_Handler)
    Error_Handler                            0x080003c5   Thumb Code     2  main.o(i.Error_Handler)
    HAL_ADC_ConfigChannel                    0x080003c9   Thumb Code   240  stm32f1xx_hal_adc.o(i.HAL_ADC_ConfigChannel)
    HAL_ADC_ConvCpltCallback                 0x080004c5   Thumb Code     2  stm32f1xx_hal_adc.o(i.HAL_ADC_ConvCpltCallback)
    HAL_ADC_ConvHalfCpltCallback             0x080004c7   Thumb Code     2  stm32f1xx_hal_adc.o(i.HAL_ADC_ConvHalfCpltCallback)
    HAL_ADC_ErrorCallback                    0x080004c9   Thumb Code     2  stm32f1xx_hal_adc.o(i.HAL_ADC_ErrorCallback)
    HAL_ADC_Init                             0x080004cd   Thumb Code   272  stm32f1xx_hal_adc.o(i.HAL_ADC_Init)
    HAL_ADC_MspInit                          0x080005e9   Thumb Code   120  stm32f1xx_hal_msp.o(i.HAL_ADC_MspInit)
    HAL_ADC_Start_DMA                        0x08000675   Thumb Code   246  stm32f1xx_hal_adc.o(i.HAL_ADC_Start_DMA)
    HAL_DMA_IRQHandler                       0x08000781   Thumb Code   316  stm32f1xx_hal_dma.o(i.HAL_DMA_IRQHandler)
    HAL_DMA_Init                             0x080008d5   Thumb Code    84  stm32f1xx_hal_dma.o(i.HAL_DMA_Init)
    HAL_DMA_Start_IT                         0x08000931   Thumb Code   112  stm32f1xx_hal_dma.o(i.HAL_DMA_Start_IT)
    HAL_GPIO_Init                            0x080009a1   Thumb Code   408  stm32f1xx_hal_gpio.o(i.HAL_GPIO_Init)
    HAL_GPIO_WritePin                        0x08000b5d   Thumb Code    10  stm32f1xx_hal_gpio.o(i.HAL_GPIO_WritePin)
    HAL_GetTick                              0x08000b69   Thumb Code     6  stm32f1xx_hal.o(i.HAL_GetTick)
    HAL_IncTick                              0x08000b75   Thumb Code    12  stm32f1xx_hal.o(i.HAL_IncTick)
    HAL_Init                                 0x08000b85   Thumb Code    32  stm32f1xx_hal.o(i.HAL_Init)
    HAL_InitTick                             0x08000ba9   Thumb Code    54  stm32f1xx_hal.o(i.HAL_InitTick)
    HAL_MspInit                              0x08000be9   Thumb Code    52  stm32f1xx_hal_msp.o(i.HAL_MspInit)
    HAL_NVIC_EnableIRQ                       0x08000c25   Thumb Code    22  stm32f1xx_hal_cortex.o(i.HAL_NVIC_EnableIRQ)
    HAL_NVIC_SetPriority                     0x08000c3d   Thumb Code    60  stm32f1xx_hal_cortex.o(i.HAL_NVIC_SetPriority)
    HAL_NVIC_SetPriorityGrouping             0x08000c7d   Thumb Code    26  stm32f1xx_hal_cortex.o(i.HAL_NVIC_SetPriorityGrouping)
    HAL_PCDEx_PMAConfig                      0x08000ca1   Thumb Code    52  stm32f1xx_hal_pcd_ex.o(i.HAL_PCDEx_PMAConfig)
    HAL_PCDEx_SetConnectionState             0x08000cd5   Thumb Code     2  usbd_conf.o(i.HAL_PCDEx_SetConnectionState)
    HAL_PCD_DataInStageCallback              0x08000cd7   Thumb Code    14  usbd_conf.o(i.HAL_PCD_DataInStageCallback)
    HAL_PCD_DataOutStageCallback             0x08000ce5   Thumb Code    16  usbd_conf.o(i.HAL_PCD_DataOutStageCallback)
    HAL_PCD_EP_Close                         0x08000cf5   Thumb Code    64  stm32f1xx_hal_pcd.o(i.HAL_PCD_EP_Close)
    HAL_PCD_EP_ClrStall                      0x08000d35   Thumb Code    72  stm32f1xx_hal_pcd.o(i.HAL_PCD_EP_ClrStall)
    HAL_PCD_EP_GetRxCount                    0x08000d7d   Thumb Code    16  stm32f1xx_hal_pcd.o(i.HAL_PCD_EP_GetRxCount)
    HAL_PCD_EP_Open                          0x08000d8d   Thumb Code    68  stm32f1xx_hal_pcd.o(i.HAL_PCD_EP_Open)
    HAL_PCD_EP_Receive                       0x08000dd1   Thumb Code    46  stm32f1xx_hal_pcd.o(i.HAL_PCD_EP_Receive)
    HAL_PCD_EP_SetStall                      0x08000dff   Thumb Code    86  stm32f1xx_hal_pcd.o(i.HAL_PCD_EP_SetStall)
    HAL_PCD_EP_Transmit                      0x08000e55   Thumb Code    42  stm32f1xx_hal_pcd.o(i.HAL_PCD_EP_Transmit)
    HAL_PCD_IRQHandler                       0x08000e7f   Thumb Code   268  stm32f1xx_hal_pcd.o(i.HAL_PCD_IRQHandler)
    HAL_PCD_Init                             0x08000f8d   Thumb Code   192  stm32f1xx_hal_pcd.o(i.HAL_PCD_Init)
    HAL_PCD_MspInit                          0x0800104d   Thumb Code    50  usbd_conf.o(i.HAL_PCD_MspInit)
    HAL_PCD_ResetCallback                    0x08001089   Thumb Code    38  usbd_conf.o(i.HAL_PCD_ResetCallback)
    HAL_PCD_ResumeCallback                   0x080010af   Thumb Code     8  usbd_conf.o(i.HAL_PCD_ResumeCallback)
    HAL_PCD_SOFCallback                      0x080010b7   Thumb Code     8  usbd_conf.o(i.HAL_PCD_SOFCallback)
    HAL_PCD_SetAddress                       0x080010bf   Thumb Code    40  stm32f1xx_hal_pcd.o(i.HAL_PCD_SetAddress)
    HAL_PCD_SetupStageCallback               0x080010e7   Thumb Code    14  usbd_conf.o(i.HAL_PCD_SetupStageCallback)
    HAL_PCD_Start                            0x080010f5   Thumb Code    50  stm32f1xx_hal_pcd.o(i.HAL_PCD_Start)
    HAL_PCD_SuspendCallback                  0x08001129   Thumb Code    30  usbd_conf.o(i.HAL_PCD_SuspendCallback)
    HAL_PWR_EnableBkUpAccess                 0x0800114d   Thumb Code     8  stm32f1xx_hal_pwr.o(i.HAL_PWR_EnableBkUpAccess)
    HAL_RCCEx_GetPeriphCLKFreq               0x08001159   Thumb Code   166  stm32f1xx_hal_rcc_ex.o(i.HAL_RCCEx_GetPeriphCLKFreq)
    HAL_RCCEx_PeriphCLKConfig                0x08001221   Thumb Code   224  stm32f1xx_hal_rcc_ex.o(i.HAL_RCCEx_PeriphCLKConfig)
    HAL_RCC_ClockConfig                      0x0800130d   Thumb Code   346  stm32f1xx_hal_rcc.o(i.HAL_RCC_ClockConfig)
    HAL_RCC_GetPCLK2Freq                     0x08001479   Thumb Code    20  stm32f1xx_hal_rcc.o(i.HAL_RCC_GetPCLK2Freq)
    HAL_RCC_GetSysClockFreq                  0x08001499   Thumb Code    74  stm32f1xx_hal_rcc.o(i.HAL_RCC_GetSysClockFreq)
    HAL_RCC_OscConfig                        0x08001505   Thumb Code   750  stm32f1xx_hal_rcc.o(i.HAL_RCC_OscConfig)
    HAL_RTC_Init                             0x08001809   Thumb Code   154  stm32f1xx_hal_rtc.o(i.HAL_RTC_Init)
    HAL_RTC_MspInit                          0x080018a9   Thumb Code    40  stm32f1xx_hal_msp.o(i.HAL_RTC_MspInit)
    HAL_RTC_SetDate                          0x080018dd   Thumb Code   192  stm32f1xx_hal_rtc.o(i.HAL_RTC_SetDate)
    HAL_RTC_SetTime                          0x080019a1   Thumb Code   168  stm32f1xx_hal_rtc.o(i.HAL_RTC_SetTime)
    HAL_RTC_WaitForSynchro                   0x08001a4d   Thumb Code    58  stm32f1xx_hal_rtc.o(i.HAL_RTC_WaitForSynchro)
    HAL_SYSTICK_Config                       0x08001a87   Thumb Code    40  stm32f1xx_hal_cortex.o(i.HAL_SYSTICK_Config)
    HAL_TIMEx_BreakCallback                  0x08001aaf   Thumb Code     2  stm32f1xx_hal_tim_ex.o(i.HAL_TIMEx_BreakCallback)
    HAL_TIMEx_CommutationCallback            0x08001ab1   Thumb Code     2  stm32f1xx_hal_tim_ex.o(i.HAL_TIMEx_CommutationCallback)
    HAL_TIMEx_MasterConfigSynchronization    0x08001ab3   Thumb Code    80  stm32f1xx_hal_tim_ex.o(i.HAL_TIMEx_MasterConfigSynchronization)
    HAL_TIM_Base_Init                        0x08001b03   Thumb Code    54  stm32f1xx_hal_tim.o(i.HAL_TIM_Base_Init)
    HAL_TIM_Base_MspInit                     0x08001b39   Thumb Code    50  stm32f1xx_hal_msp.o(i.HAL_TIM_Base_MspInit)
    HAL_TIM_Base_Start_IT                    0x08001b75   Thumb Code    24  stm32f1xx_hal_tim.o(i.HAL_TIM_Base_Start_IT)
    HAL_TIM_ConfigClockSource                0x08001b8d   Thumb Code   242  stm32f1xx_hal_tim.o(i.HAL_TIM_ConfigClockSource)
    HAL_TIM_IC_CaptureCallback               0x08001c7f   Thumb Code     2  stm32f1xx_hal_tim.o(i.HAL_TIM_IC_CaptureCallback)
    HAL_TIM_IRQHandler                       0x08001c81   Thumb Code   358  stm32f1xx_hal_tim.o(i.HAL_TIM_IRQHandler)
    HAL_TIM_OC_DelayElapsedCallback          0x08001de7   Thumb Code     2  stm32f1xx_hal_tim.o(i.HAL_TIM_OC_DelayElapsedCallback)
    HAL_TIM_PWM_PulseFinishedCallback        0x08001de9   Thumb Code     2  stm32f1xx_hal_tim.o(i.HAL_TIM_PWM_PulseFinishedCallback)
    HAL_TIM_PeriodElapsedCallback            0x08001ded   Thumb Code    64  main.o(i.HAL_TIM_PeriodElapsedCallback)
    HAL_TIM_TriggerCallback                  0x08001e35   Thumb Code     2  stm32f1xx_hal_tim.o(i.HAL_TIM_TriggerCallback)
    HardFault_Handler                        0x08001e37   Thumb Code     2  stm32f1xx_it.o(i.HardFault_Handler)
    MX_USB_DEVICE_Init                       0x08001ffd   Thumb Code    66  usb_device.o(i.MX_USB_DEVICE_Init)
    MemManage_Handler                        0x08002051   Thumb Code     2  stm32f1xx_it.o(i.MemManage_Handler)
    NMI_Handler                              0x08002053   Thumb Code     2  stm32f1xx_it.o(i.NMI_Handler)
    PendSV_Handler                           0x080023d7   Thumb Code     2  stm32f1xx_it.o(i.PendSV_Handler)
    SVC_Handler                              0x0800252b   Thumb Code     2  stm32f1xx_it.o(i.SVC_Handler)
    SysTick_Handler                          0x0800252d   Thumb Code     4  stm32f1xx_it.o(i.SysTick_Handler)
    SystemClock_Config                       0x08002531   Thumb Code   112  main.o(i.SystemClock_Config)
    SystemInit                               0x080025a1   Thumb Code    56  system_stm32f1xx.o(i.SystemInit)
    TIM1_UP_IRQHandler                       0x080025e9   Thumb Code     6  stm32f1xx_it.o(i.TIM1_UP_IRQHandler)
    TIM_Base_SetConfig                       0x080025f5   Thumb Code    94  stm32f1xx_hal_tim.o(i.TIM_Base_SetConfig)
    USBD_CDC_GetDeviceQualifierDescriptor    0x0800276d   Thumb Code     8  usbd_cdc.o(i.USBD_CDC_GetDeviceQualifierDescriptor)
    USBD_CDC_ReceivePacket                   0x08002825   Thumb Code    40  usbd_cdc.o(i.USBD_CDC_ReceivePacket)
    USBD_CDC_RegisterInterface               0x0800284d   Thumb Code    16  usbd_cdc.o(i.USBD_CDC_RegisterInterface)
    USBD_CDC_SetRxBuffer                     0x0800285d   Thumb Code    12  usbd_cdc.o(i.USBD_CDC_SetRxBuffer)
    USBD_CDC_SetTxBuffer                     0x08002869   Thumb Code    16  usbd_cdc.o(i.USBD_CDC_SetTxBuffer)
    USBD_CDC_TransmitPacket                  0x080028e9   Thumb Code    48  usbd_cdc.o(i.USBD_CDC_TransmitPacket)
    USBD_ClrClassConfig                      0x08002919   Thumb Code    14  usbd_core.o(i.USBD_ClrClassConfig)
    USBD_CtlContinueRx                       0x08002927   Thumb Code    16  usbd_ioreq.o(i.USBD_CtlContinueRx)
    USBD_CtlContinueSendData                 0x08002937   Thumb Code    16  usbd_ioreq.o(i.USBD_CtlContinueSendData)
    USBD_CtlError                            0x08002947   Thumb Code    22  usbd_ctlreq.o(i.USBD_CtlError)
    USBD_CtlPrepareRx                        0x0800295d   Thumb Code    30  usbd_ioreq.o(i.USBD_CtlPrepareRx)
    USBD_CtlReceiveStatus                    0x0800297b   Thumb Code    22  usbd_ioreq.o(i.USBD_CtlReceiveStatus)
    USBD_CtlSendData                         0x08002991   Thumb Code    26  usbd_ioreq.o(i.USBD_CtlSendData)
    USBD_CtlSendStatus                       0x080029ab   Thumb Code    22  usbd_ioreq.o(i.USBD_CtlSendStatus)
    USBD_FS_ConfigStrDescriptor              0x080029c1   Thumb Code    16  usbd_desc.o(i.USBD_FS_ConfigStrDescriptor)
    USBD_FS_DeviceDescriptor                 0x080029e1   Thumb Code     8  usbd_desc.o(i.USBD_FS_DeviceDescriptor)
    USBD_FS_InterfaceStrDescriptor           0x080029ed   Thumb Code    16  usbd_desc.o(i.USBD_FS_InterfaceStrDescriptor)
    USBD_FS_LangIDStrDescriptor              0x08002a11   Thumb Code     8  usbd_desc.o(i.USBD_FS_LangIDStrDescriptor)
    USBD_FS_ManufacturerStrDescriptor        0x08002a1d   Thumb Code    16  usbd_desc.o(i.USBD_FS_ManufacturerStrDescriptor)
    USBD_FS_ProductStrDescriptor             0x08002a45   Thumb Code    16  usbd_desc.o(i.USBD_FS_ProductStrDescriptor)
    USBD_FS_SerialStrDescriptor              0x08002a71   Thumb Code    48  usbd_desc.o(i.USBD_FS_SerialStrDescriptor)
    USBD_GetString                           0x08002b89   Thumb Code    70  usbd_ctlreq.o(i.USBD_GetString)
    USBD_Init                                0x08002be7   Thumb Code    42  usbd_core.o(i.USBD_Init)
    USBD_LL_ClearStallEP                     0x08002c11   Thumb Code    18  usbd_conf.o(i.USBD_LL_ClearStallEP)
    USBD_LL_CloseEP                          0x08002c23   Thumb Code    18  usbd_conf.o(i.USBD_LL_CloseEP)
    USBD_LL_DataInStage                      0x08002c35   Thumb Code   170  usbd_core.o(i.USBD_LL_DataInStage)
    USBD_LL_DataOutStage                     0x08002cdf   Thumb Code   106  usbd_core.o(i.USBD_LL_DataOutStage)
    USBD_LL_GetRxDataSize                    0x08002d49   Thumb Code     8  usbd_conf.o(i.USBD_LL_GetRxDataSize)
    USBD_LL_Init                             0x08002d51   Thumb Code   118  usbd_conf.o(i.USBD_LL_Init)
    USBD_LL_IsStallEP                        0x08002dd1   Thumb Code    28  usbd_conf.o(i.USBD_LL_IsStallEP)
    USBD_LL_OpenEP                           0x08002ded   Thumb Code    24  usbd_conf.o(i.USBD_LL_OpenEP)
    USBD_LL_PrepareReceive                   0x08002e05   Thumb Code    18  usbd_conf.o(i.USBD_LL_PrepareReceive)
    USBD_LL_Reset                            0x08002e17   Thumb Code    62  usbd_core.o(i.USBD_LL_Reset)
    USBD_LL_Resume                           0x08002e55   Thumb Code    12  usbd_core.o(i.USBD_LL_Resume)
    USBD_LL_SOF                              0x08002e61   Thumb Code    24  usbd_core.o(i.USBD_LL_SOF)
    USBD_LL_SetSpeed                         0x08002e79   Thumb Code     6  usbd_core.o(i.USBD_LL_SetSpeed)
    USBD_LL_SetUSBAddress                    0x08002e7f   Thumb Code    18  usbd_conf.o(i.USBD_LL_SetUSBAddress)
    USBD_LL_SetupStage                       0x08002e91   Thumb Code    90  usbd_core.o(i.USBD_LL_SetupStage)
    USBD_LL_StallEP                          0x08002eeb   Thumb Code    18  usbd_conf.o(i.USBD_LL_StallEP)
    USBD_LL_Start                            0x08002efd   Thumb Code    18  usbd_conf.o(i.USBD_LL_Start)
    USBD_LL_Suspend                          0x08002f0f   Thumb Code    18  usbd_core.o(i.USBD_LL_Suspend)
    USBD_LL_Transmit                         0x08002f21   Thumb Code    18  usbd_conf.o(i.USBD_LL_Transmit)
    USBD_ParseSetupRequest                   0x08002f33   Thumb Code    40  usbd_ctlreq.o(i.USBD_ParseSetupRequest)
    USBD_RegisterClass                       0x08002f5b   Thumb Code    16  usbd_core.o(i.USBD_RegisterClass)
    USBD_SetClassConfig                      0x08002f6b   Thumb Code    22  usbd_core.o(i.USBD_SetClassConfig)
    USBD_Start                               0x08002ff5   Thumb Code    10  usbd_core.o(i.USBD_Start)
    USBD_StdDevReq                           0x08002fff   Thumb Code   242  usbd_ctlreq.o(i.USBD_StdDevReq)
    USBD_StdEPReq                            0x080030f1   Thumb Code   220  usbd_ctlreq.o(i.USBD_StdEPReq)
    USBD_StdItfReq                           0x080031cd   Thumb Code    52  usbd_ctlreq.o(i.USBD_StdItfReq)
    USBD_static_free                         0x08003201   Thumb Code     2  usbd_conf.o(i.USBD_static_free)
    USBD_static_malloc                       0x08003205   Thumb Code     4  usbd_conf.o(i.USBD_static_malloc)
    USB_ActivateEndpoint                     0x0800320d   Thumb Code   604  stm32f1xx_ll_usb.o(i.USB_ActivateEndpoint)
    USB_CoreInit                             0x08003469   Thumb Code     4  stm32f1xx_ll_usb.o(i.USB_CoreInit)
    USB_DeactivateEndpoint                   0x0800346d   Thumb Code   292  stm32f1xx_ll_usb.o(i.USB_DeactivateEndpoint)
    USB_DevConnect                           0x08003591   Thumb Code     4  stm32f1xx_ll_usb.o(i.USB_DevConnect)
    USB_DevDisconnect                        0x08003595   Thumb Code     4  stm32f1xx_ll_usb.o(i.USB_DevDisconnect)
    USB_DevInit                              0x08003599   Thumb Code    30  stm32f1xx_ll_usb.o(i.USB_DevInit)
    USB_DisableGlobalInt                     0x080035b7   Thumb Code    14  stm32f1xx_ll_usb.o(i.USB_DisableGlobalInt)
    USB_EP0_OutStart                         0x080035c5   Thumb Code     4  stm32f1xx_ll_usb.o(i.USB_EP0_OutStart)
    USB_EPClearStall                         0x080035c9   Thumb Code   106  stm32f1xx_ll_usb.o(i.USB_EPClearStall)
    USB_EPSetStall                           0x08003633   Thumb Code    74  stm32f1xx_ll_usb.o(i.USB_EPSetStall)
    USB_EPStartXfer                          0x0800367d   Thumb Code   426  stm32f1xx_ll_usb.o(i.USB_EPStartXfer)
    USB_EnableGlobalInt                      0x08003827   Thumb Code    14  stm32f1xx_ll_usb.o(i.USB_EnableGlobalInt)
    USB_LP_CAN1_RX0_IRQHandler               0x08003835   Thumb Code     6  stm32f1xx_it.o(i.USB_LP_CAN1_RX0_IRQHandler)
    USB_ReadInterrupts                       0x08003841   Thumb Code     6  stm32f1xx_ll_usb.o(i.USB_ReadInterrupts)
    USB_ReadPMA                              0x08003849   Thumb Code    30  stm32f1xx_ll_usb.o(i.USB_ReadPMA)
    USB_SetCurrentMode                       0x08003867   Thumb Code     4  stm32f1xx_ll_usb.o(i.USB_SetCurrentMode)
    USB_SetDevAddress                        0x0800386b   Thumb Code    12  stm32f1xx_ll_usb.o(i.USB_SetDevAddress)
    USB_WritePMA                             0x08003877   Thumb Code    38  stm32f1xx_ll_usb.o(i.USB_WritePMA)
    UsageFault_Handler                       0x0800389d   Thumb Code     2  stm32f1xx_it.o(i.UsageFault_Handler)
    __scatterload_copy                       0x0800389f   Thumb Code    14  handlers.o(i.__scatterload_copy)
    __scatterload_null                       0x080038ad   Thumb Code     2  handlers.o(i.__scatterload_null)
    __scatterload_zeroinit                   0x080038af   Thumb Code    14  handlers.o(i.__scatterload_zeroinit)
    main                                     0x080038bd   Thumb Code   190  main.o(i.main)
    AHBPrescTable                            0x08003984   Data          16  system_stm32f1xx.o(.constdata)
    APBPrescTable                            0x08003994   Data           8  system_stm32f1xx.o(.constdata)
    Region$$Table$$Base                      0x0800399c   Number         0  anon$$obj.o(Region$$Table)
    Region$$Table$$Limit                     0x080039bc   Number         0  anon$$obj.o(Region$$Table)
    FS_Desc                                  0x20000000   Data          28  usbd_desc.o(.data)
    USBD_LangIDDesc                          0x2000001c   Data           4  usbd_desc.o(.data)
    USBD_FS_DeviceDesc                       0x20000020   Data          18  usbd_desc.o(.data)
    USBD_StringSerial                        0x20000034   Data          26  usbd_desc.o(.data)
    USBD_Interface_fops_FS                   0x20000050   Data          16  usbd_cdc_if.o(.data)
    uwTickFreq                               0x20000060   Data           1  stm32f1xx_hal.o(.data)
    uwTickPrio                               0x20000064   Data           4  stm32f1xx_hal.o(.data)
    uwTick                                   0x20000068   Data           4  stm32f1xx_hal.o(.data)
    SystemCoreClock                          0x2000006c   Data           4  system_stm32f1xx.o(.data)
    USBD_CDC_CfgHSDesc                       0x20000084   Data          67  usbd_cdc.o(.data)
    USBD_CDC_CfgFSDesc                       0x200000c8   Data          67  usbd_cdc.o(.data)
    USBD_CDC_OtherSpeedCfgDesc               0x2000010c   Data          67  usbd_cdc.o(.data)
    USBD_CDC                                 0x20000150   Data          56  usbd_cdc.o(.data)
    hadc1                                    0x20000188   Data          48  main.o(.bss)
    hrtc                                     0x200001b8   Data          20  main.o(.bss)
    htim1                                    0x200001cc   Data          64  main.o(.bss)
    adcBuff                                  0x2000020c   Data         328  main.o(.bss)
    hdma_adc1                                0x20000354   Data          68  main.o(.bss)
    hUsbDeviceFS                             0x20000398   Data         548  usb_device.o(.bss)
    hpcd_USB_FS                              0x200007dc   Data        1120  usbd_conf.o(.bss)
    USBD_StrDesc                             0x20000c3c   Data         512  usbd_desc.o(.bss)
    UserRxBufferFS                           0x20000e3c   Data        1000  usbd_cdc_if.o(.bss)
    UserTxBufferFS                           0x20001224   Data        1000  usbd_cdc_if.o(.bss)
    __initial_sp                             0x20001a10   Data           0  startup_stm32f103xb.o(STACK)



==============================================================================

Memory Map of the image

  Image Entry point : 0x080000ed

  Load Region LR_IROM1 (Base: 0x08000000, Size: 0x00003b44, Max: 0x00010000, ABSOLUTE, COMPRESSED[0x00003a80])

    Execution Region ER_IROM1 (Exec base: 0x08000000, Load base: 0x08000000, Size: 0x000039bc, Max: 0x00010000, ABSOLUTE)

    Exec Addr    Load Addr    Size         Type   Attr      Idx    E Section Name        Object

    0x08000000   0x08000000   0x000000ec   Data   RO            3    RESET               startup_stm32f103xb.o
    0x080000ec   0x080000ec   0x00000000   Code   RO         3915  * .ARM.Collect$$$$00000000  mc_w.l(entry.o)
    0x080000ec   0x080000ec   0x00000004   Code   RO         3926    .ARM.Collect$$$$00000001  mc_w.l(entry2.o)
    0x080000f0   0x080000f0   0x00000004   Code   RO         3929    .ARM.Collect$$$$00000004  mc_w.l(entry5.o)
    0x080000f4   0x080000f4   0x00000000   Code   RO         3931    .ARM.Collect$$$$00000008  mc_w.l(entry7b.o)
    0x080000f4   0x080000f4   0x00000000   Code   RO         3933    .ARM.Collect$$$$0000000A  mc_w.l(entry8b.o)
    0x080000f4   0x080000f4   0x00000008   Code   RO         3934    .ARM.Collect$$$$0000000B  mc_w.l(entry9a.o)
    0x080000fc   0x080000fc   0x00000000   Code   RO         3936    .ARM.Collect$$$$0000000D  mc_w.l(entry10a.o)
    0x080000fc   0x080000fc   0x00000000   Code   RO         3938    .ARM.Collect$$$$0000000F  mc_w.l(entry11a.o)
    0x080000fc   0x080000fc   0x00000004   Code   RO         3927    .ARM.Collect$$$$00002712  mc_w.l(entry2.o)
    0x08000100   0x08000100   0x00000024   Code   RO            4    .text               startup_stm32f103xb.o
    0x08000124   0x08000124   0x00000024   Code   RO         3920    .text               mc_w.l(memcpya.o)
    0x08000148   0x08000148   0x00000024   Code   RO         3922    .text               mc_w.l(memseta.o)
    0x0800016c   0x0800016c   0x00000024   Code   RO         3940    .text               mc_w.l(init.o)
    0x08000190   0x08000190   0x00000056   Code   RO         3950    .text               mc_w.l(__dczerorl2.o)
    0x080001e6   0x080001e6   0x00000002   PAD
    0x080001e8   0x080001e8   0x0000004c   Code   RO         1208    i.ADC_ConversionStop_Disable  stm32f1xx_hal_adc.o
    0x08000234   0x08000234   0x0000004e   Code   RO         1209    i.ADC_DMAConvCplt   stm32f1xx_hal_adc.o
    0x08000282   0x08000282   0x0000001a   Code   RO         1210    i.ADC_DMAError      stm32f1xx_hal_adc.o
    0x0800029c   0x0800029c   0x0000000a   Code   RO         1211    i.ADC_DMAHalfConvCplt  stm32f1xx_hal_adc.o
    0x080002a6   0x080002a6   0x00000002   PAD
    0x080002a8   0x080002a8   0x00000070   Code   RO         1212    i.ADC_Enable        stm32f1xx_hal_adc.o
    0x08000318   0x08000318   0x00000002   Code   RO          580    i.BusFault_Handler  stm32f1xx_it.o
    0x0800031a   0x0800031a   0x00000004   Code   RO          528    i.CDC_Control_FS    usbd_cdc_if.o
    0x0800031e   0x0800031e   0x00000004   Code   RO          529    i.CDC_DeInit_FS     usbd_cdc_if.o
    0x08000322   0x08000322   0x00000002   PAD
    0x08000324   0x08000324   0x00000024   Code   RO          530    i.CDC_Init_FS       usbd_cdc_if.o
    0x08000348   0x08000348   0x00000018   Code   RO          531    i.CDC_Receive_FS    usbd_cdc_if.o
    0x08000360   0x08000360   0x0000002c   Code   RO          532    i.CDC_Transmit_FS   usbd_cdc_if.o
    0x0800038c   0x0800038c   0x0000000c   Code   RO          581    i.DMA1_Channel1_IRQHandler  stm32f1xx_it.o
    0x08000398   0x08000398   0x0000002a   Code   RO         2986    i.DMA_SetConfig     stm32f1xx_hal_dma.o
    0x080003c2   0x080003c2   0x00000002   Code   RO          582    i.DebugMon_Handler  stm32f1xx_it.o
    0x080003c4   0x080003c4   0x00000002   Code   RO           13    i.Error_Handler     main.o
    0x080003c6   0x080003c6   0x00000002   PAD
    0x080003c8   0x080003c8   0x000000fc   Code   RO         1214    i.HAL_ADC_ConfigChannel  stm32f1xx_hal_adc.o
    0x080004c4   0x080004c4   0x00000002   Code   RO         1215    i.HAL_ADC_ConvCpltCallback  stm32f1xx_hal_adc.o
    0x080004c6   0x080004c6   0x00000002   Code   RO         1216    i.HAL_ADC_ConvHalfCpltCallback  stm32f1xx_hal_adc.o
    0x080004c8   0x080004c8   0x00000002   Code   RO         1218    i.HAL_ADC_ErrorCallback  stm32f1xx_hal_adc.o
    0x080004ca   0x080004ca   0x00000002   PAD
    0x080004cc   0x080004cc   0x0000011c   Code   RO         1223    i.HAL_ADC_Init      stm32f1xx_hal_adc.o
    0x080005e8   0x080005e8   0x0000008c   Code   RO          675    i.HAL_ADC_MspInit   stm32f1xx_hal_msp.o
    0x08000674   0x08000674   0x0000010c   Code   RO         1230    i.HAL_ADC_Start_DMA  stm32f1xx_hal_adc.o
    0x08000780   0x08000780   0x00000154   Code   RO         2992    i.HAL_DMA_IRQHandler  stm32f1xx_hal_dma.o
    0x080008d4   0x080008d4   0x0000005c   Code   RO         2993    i.HAL_DMA_Init      stm32f1xx_hal_dma.o
    0x08000930   0x08000930   0x00000070   Code   RO         2997    i.HAL_DMA_Start_IT  stm32f1xx_hal_dma.o
    0x080009a0   0x080009a0   0x000001bc   Code   RO         2923    i.HAL_GPIO_Init     stm32f1xx_hal_gpio.o
    0x08000b5c   0x08000b5c   0x0000000a   Code   RO         2927    i.HAL_GPIO_WritePin  stm32f1xx_hal_gpio.o
    0x08000b66   0x08000b66   0x00000002   PAD
    0x08000b68   0x08000b68   0x0000000c   Code   RO         2631    i.HAL_GetTick       stm32f1xx_hal.o
    0x08000b74   0x08000b74   0x00000010   Code   RO         2635    i.HAL_IncTick       stm32f1xx_hal.o
    0x08000b84   0x08000b84   0x00000024   Code   RO         2636    i.HAL_Init          stm32f1xx_hal.o
    0x08000ba8   0x08000ba8   0x00000040   Code   RO         2637    i.HAL_InitTick      stm32f1xx_hal.o
    0x08000be8   0x08000be8   0x0000003c   Code   RO          676    i.HAL_MspInit       stm32f1xx_hal_msp.o
    0x08000c24   0x08000c24   0x00000016   Code   RO         3083    i.HAL_NVIC_EnableIRQ  stm32f1xx_hal_cortex.o
    0x08000c3a   0x08000c3a   0x00000002   PAD
    0x08000c3c   0x08000c3c   0x00000040   Code   RO         3089    i.HAL_NVIC_SetPriority  stm32f1xx_hal_cortex.o
    0x08000c7c   0x08000c7c   0x00000024   Code   RO         3090    i.HAL_NVIC_SetPriorityGrouping  stm32f1xx_hal_cortex.o
    0x08000ca0   0x08000ca0   0x00000034   Code   RO          986    i.HAL_PCDEx_PMAConfig  stm32f1xx_hal_pcd_ex.o
    0x08000cd4   0x08000cd4   0x00000002   Code   RO          243    i.HAL_PCDEx_SetConnectionState  usbd_conf.o
    0x08000cd6   0x08000cd6   0x0000000e   Code   RO          245    i.HAL_PCD_DataInStageCallback  usbd_conf.o
    0x08000ce4   0x08000ce4   0x00000010   Code   RO          246    i.HAL_PCD_DataOutStageCallback  usbd_conf.o
    0x08000cf4   0x08000cf4   0x00000040   Code   RO          780    i.HAL_PCD_EP_Close  stm32f1xx_hal_pcd.o
    0x08000d34   0x08000d34   0x00000048   Code   RO          781    i.HAL_PCD_EP_ClrStall  stm32f1xx_hal_pcd.o
    0x08000d7c   0x08000d7c   0x00000010   Code   RO          783    i.HAL_PCD_EP_GetRxCount  stm32f1xx_hal_pcd.o
    0x08000d8c   0x08000d8c   0x00000044   Code   RO          784    i.HAL_PCD_EP_Open   stm32f1xx_hal_pcd.o
    0x08000dd0   0x08000dd0   0x0000002e   Code   RO          785    i.HAL_PCD_EP_Receive  stm32f1xx_hal_pcd.o
    0x08000dfe   0x08000dfe   0x00000056   Code   RO          786    i.HAL_PCD_EP_SetStall  stm32f1xx_hal_pcd.o
    0x08000e54   0x08000e54   0x0000002a   Code   RO          787    i.HAL_PCD_EP_Transmit  stm32f1xx_hal_pcd.o
    0x08000e7e   0x08000e7e   0x0000010c   Code   RO          789    i.HAL_PCD_IRQHandler  stm32f1xx_hal_pcd.o
    0x08000f8a   0x08000f8a   0x00000002   PAD
    0x08000f8c   0x08000f8c   0x000000c0   Code   RO          792    i.HAL_PCD_Init      stm32f1xx_hal_pcd.o
    0x0800104c   0x0800104c   0x0000003c   Code   RO          251    i.HAL_PCD_MspInit   usbd_conf.o
    0x08001088   0x08001088   0x00000026   Code   RO          252    i.HAL_PCD_ResetCallback  usbd_conf.o
    0x080010ae   0x080010ae   0x00000008   Code   RO          253    i.HAL_PCD_ResumeCallback  usbd_conf.o
    0x080010b6   0x080010b6   0x00000008   Code   RO          254    i.HAL_PCD_SOFCallback  usbd_conf.o
    0x080010be   0x080010be   0x00000028   Code   RO          798    i.HAL_PCD_SetAddress  stm32f1xx_hal_pcd.o
    0x080010e6   0x080010e6   0x0000000e   Code   RO          255    i.HAL_PCD_SetupStageCallback  usbd_conf.o
    0x080010f4   0x080010f4   0x00000032   Code   RO          800    i.HAL_PCD_Start     stm32f1xx_hal_pcd.o
    0x08001126   0x08001126   0x00000002   PAD
    0x08001128   0x08001128   0x00000024   Code   RO          256    i.HAL_PCD_SuspendCallback  usbd_conf.o
    0x0800114c   0x0800114c   0x0000000c   Code   RO         3205    i.HAL_PWR_EnableBkUpAccess  stm32f1xx_hal_pwr.o
    0x08001158   0x08001158   0x000000c8   Code   RO         2885    i.HAL_RCCEx_GetPeriphCLKFreq  stm32f1xx_hal_rcc_ex.o
    0x08001220   0x08001220   0x000000ec   Code   RO         2886    i.HAL_RCCEx_PeriphCLKConfig  stm32f1xx_hal_rcc_ex.o
    0x0800130c   0x0800130c   0x0000016c   Code   RO         2783    i.HAL_RCC_ClockConfig  stm32f1xx_hal_rcc.o
    0x08001478   0x08001478   0x00000020   Code   RO         2791    i.HAL_RCC_GetPCLK2Freq  stm32f1xx_hal_rcc.o
    0x08001498   0x08001498   0x0000006c   Code   RO         2792    i.HAL_RCC_GetSysClockFreq  stm32f1xx_hal_rcc.o
    0x08001504   0x08001504   0x00000304   Code   RO         2795    i.HAL_RCC_OscConfig  stm32f1xx_hal_rcc.o
    0x08001808   0x08001808   0x000000a0   Code   RO         1492    i.HAL_RTC_Init      stm32f1xx_hal_rtc.o
    0x080018a8   0x080018a8   0x00000034   Code   RO          678    i.HAL_RTC_MspInit   stm32f1xx_hal_msp.o
    0x080018dc   0x080018dc   0x000000c4   Code   RO         1498    i.HAL_RTC_SetDate   stm32f1xx_hal_rtc.o
    0x080019a0   0x080019a0   0x000000ac   Code   RO         1499    i.HAL_RTC_SetTime   stm32f1xx_hal_rtc.o
    0x08001a4c   0x08001a4c   0x0000003a   Code   RO         1500    i.HAL_RTC_WaitForSynchro  stm32f1xx_hal_rtc.o
    0x08001a86   0x08001a86   0x00000028   Code   RO         3094    i.HAL_SYSTICK_Config  stm32f1xx_hal_cortex.o
    0x08001aae   0x08001aae   0x00000002   Code   RO         2387    i.HAL_TIMEx_BreakCallback  stm32f1xx_hal_tim_ex.o
    0x08001ab0   0x08001ab0   0x00000002   Code   RO         2388    i.HAL_TIMEx_CommutationCallback  stm32f1xx_hal_tim_ex.o
    0x08001ab2   0x08001ab2   0x00000050   Code   RO         2404    i.HAL_TIMEx_MasterConfigSynchronization  stm32f1xx_hal_tim_ex.o
    0x08001b02   0x08001b02   0x00000036   Code   RO         1758    i.HAL_TIM_Base_Init  stm32f1xx_hal_tim.o
    0x08001b38   0x08001b38   0x0000003c   Code   RO          680    i.HAL_TIM_Base_MspInit  stm32f1xx_hal_msp.o
    0x08001b74   0x08001b74   0x00000018   Code   RO         1763    i.HAL_TIM_Base_Start_IT  stm32f1xx_hal_tim.o
    0x08001b8c   0x08001b8c   0x000000f2   Code   RO         1767    i.HAL_TIM_ConfigClockSource  stm32f1xx_hal_tim.o
    0x08001c7e   0x08001c7e   0x00000002   Code   RO         1787    i.HAL_TIM_IC_CaptureCallback  stm32f1xx_hal_tim.o
    0x08001c80   0x08001c80   0x00000166   Code   RO         1800    i.HAL_TIM_IRQHandler  stm32f1xx_hal_tim.o
    0x08001de6   0x08001de6   0x00000002   Code   RO         1803    i.HAL_TIM_OC_DelayElapsedCallback  stm32f1xx_hal_tim.o
    0x08001de8   0x08001de8   0x00000002   Code   RO         1830    i.HAL_TIM_PWM_PulseFinishedCallback  stm32f1xx_hal_tim.o
    0x08001dea   0x08001dea   0x00000002   PAD
    0x08001dec   0x08001dec   0x00000048   Code   RO           14    i.HAL_TIM_PeriodElapsedCallback  main.o
    0x08001e34   0x08001e34   0x00000002   Code   RO         1841    i.HAL_TIM_TriggerCallback  stm32f1xx_hal_tim.o
    0x08001e36   0x08001e36   0x00000002   Code   RO          583    i.HardFault_Handler  stm32f1xx_it.o
    0x08001e38   0x08001e38   0x00000038   Code   RO          455    i.IntToUnicode      usbd_desc.o
    0x08001e70   0x08001e70   0x0000006c   Code   RO           15    i.MX_ADC1_Init      main.o
    0x08001edc   0x08001edc   0x00000070   Code   RO           16    i.MX_GPIO_Init      main.o
    0x08001f4c   0x08001f4c   0x00000058   Code   RO           17    i.MX_RTC_Init       main.o
    0x08001fa4   0x08001fa4   0x00000058   Code   RO           18    i.MX_TIM1_Init      main.o
    0x08001ffc   0x08001ffc   0x00000054   Code   RO          212    i.MX_USB_DEVICE_Init  usb_device.o
    0x08002050   0x08002050   0x00000002   Code   RO          584    i.MemManage_Handler  stm32f1xx_it.o
    0x08002052   0x08002052   0x00000002   Code   RO          585    i.NMI_Handler       stm32f1xx_it.o
    0x08002054   0x08002054   0x00000020   Code   RO         3096    i.NVIC_SetPriority  stm32f1xx_hal_cortex.o
    0x08002074   0x08002074   0x00000362   Code   RO          803    i.PCD_EP_ISR_Handler  stm32f1xx_hal_pcd.o
    0x080023d6   0x080023d6   0x00000002   Code   RO          586    i.PendSV_Handler    stm32f1xx_it.o
    0x080023d8   0x080023d8   0x00000012   Code   RO         1501    i.RTC_Bcd2ToByte    stm32f1xx_hal_rtc.o
    0x080023ea   0x080023ea   0x00000034   Code   RO         1504    i.RTC_EnterInitMode  stm32f1xx_hal_rtc.o
    0x0800241e   0x0800241e   0x00000002   PAD
    0x08002420   0x08002420   0x00000036   Code   RO         1505    i.RTC_ExitInitMode  stm32f1xx_hal_rtc.o
    0x08002456   0x08002456   0x0000000e   Code   RO         1506    i.RTC_ReadAlarmCounter  stm32f1xx_hal_rtc.o
    0x08002464   0x08002464   0x00000020   Code   RO         1507    i.RTC_ReadTimeCounter  stm32f1xx_hal_rtc.o
    0x08002484   0x08002484   0x00000056   Code   RO         1508    i.RTC_WeekDayNum    stm32f1xx_hal_rtc.o
    0x080024da   0x080024da   0x00000028   Code   RO         1509    i.RTC_WriteAlarmCounter  stm32f1xx_hal_rtc.o
    0x08002502   0x08002502   0x00000028   Code   RO         1510    i.RTC_WriteTimeCounter  stm32f1xx_hal_rtc.o
    0x0800252a   0x0800252a   0x00000002   Code   RO          587    i.SVC_Handler       stm32f1xx_it.o
    0x0800252c   0x0800252c   0x00000004   Code   RO          588    i.SysTick_Handler   stm32f1xx_it.o
    0x08002530   0x08002530   0x00000070   Code   RO           19    i.SystemClock_Config  main.o
    0x080025a0   0x080025a0   0x00000048   Code   RO         3512    i.SystemInit        system_stm32f1xx.o
    0x080025e8   0x080025e8   0x0000000c   Code   RO          589    i.TIM1_UP_IRQHandler  stm32f1xx_it.o
    0x080025f4   0x080025f4   0x0000006c   Code   RO         1842    i.TIM_Base_SetConfig  stm32f1xx_hal_tim.o
    0x08002660   0x08002660   0x00000014   Code   RO         1849    i.TIM_ETR_SetConfig  stm32f1xx_hal_tim.o
    0x08002674   0x08002674   0x00000010   Code   RO         1850    i.TIM_ITRx_SetConfig  stm32f1xx_hal_tim.o
    0x08002684   0x08002684   0x00000022   Code   RO         1856    i.TIM_TI1_ConfigInputStage  stm32f1xx_hal_tim.o
    0x080026a6   0x080026a6   0x00000024   Code   RO         1858    i.TIM_TI2_ConfigInputStage  stm32f1xx_hal_tim.o
    0x080026ca   0x080026ca   0x00000014   Code   RO         3812    i.USBD_CDC_DataIn   usbd_cdc.o
    0x080026de   0x080026de   0x0000002e   Code   RO         3813    i.USBD_CDC_DataOut  usbd_cdc.o
    0x0800270c   0x0800270c   0x0000003c   Code   RO         3814    i.USBD_CDC_DeInit   usbd_cdc.o
    0x08002748   0x08002748   0x00000024   Code   RO         3815    i.USBD_CDC_EP0_RxReady  usbd_cdc.o
    0x0800276c   0x0800276c   0x0000000c   Code   RO         3816    i.USBD_CDC_GetDeviceQualifierDescriptor  usbd_cdc.o
    0x08002778   0x08002778   0x0000000c   Code   RO         3817    i.USBD_CDC_GetFSCfgDesc  usbd_cdc.o
    0x08002784   0x08002784   0x0000000c   Code   RO         3818    i.USBD_CDC_GetHSCfgDesc  usbd_cdc.o
    0x08002790   0x08002790   0x0000000c   Code   RO         3819    i.USBD_CDC_GetOtherSpeedCfgDesc  usbd_cdc.o
    0x0800279c   0x0800279c   0x00000088   Code   RO         3820    i.USBD_CDC_Init     usbd_cdc.o
    0x08002824   0x08002824   0x00000028   Code   RO         3821    i.USBD_CDC_ReceivePacket  usbd_cdc.o
    0x0800284c   0x0800284c   0x00000010   Code   RO         3822    i.USBD_CDC_RegisterInterface  usbd_cdc.o
    0x0800285c   0x0800285c   0x0000000c   Code   RO         3823    i.USBD_CDC_SetRxBuffer  usbd_cdc.o
    0x08002868   0x08002868   0x00000010   Code   RO         3824    i.USBD_CDC_SetTxBuffer  usbd_cdc.o
    0x08002878   0x08002878   0x00000070   Code   RO         3825    i.USBD_CDC_Setup    usbd_cdc.o
    0x080028e8   0x080028e8   0x00000030   Code   RO         3826    i.USBD_CDC_TransmitPacket  usbd_cdc.o
    0x08002918   0x08002918   0x0000000e   Code   RO         3549    i.USBD_ClrClassConfig  usbd_core.o
    0x08002926   0x08002926   0x00000010   Code   RO         3752    i.USBD_CtlContinueRx  usbd_ioreq.o
    0x08002936   0x08002936   0x00000010   Code   RO         3753    i.USBD_CtlContinueSendData  usbd_ioreq.o
    0x08002946   0x08002946   0x00000016   Code   RO         3687    i.USBD_CtlError     usbd_ctlreq.o
    0x0800295c   0x0800295c   0x0000001e   Code   RO         3754    i.USBD_CtlPrepareRx  usbd_ioreq.o
    0x0800297a   0x0800297a   0x00000016   Code   RO         3755    i.USBD_CtlReceiveStatus  usbd_ioreq.o
    0x08002990   0x08002990   0x0000001a   Code   RO         3756    i.USBD_CtlSendData  usbd_ioreq.o
    0x080029aa   0x080029aa   0x00000016   Code   RO         3757    i.USBD_CtlSendStatus  usbd_ioreq.o
    0x080029c0   0x080029c0   0x00000020   Code   RO          456    i.USBD_FS_ConfigStrDescriptor  usbd_desc.o
    0x080029e0   0x080029e0   0x0000000c   Code   RO          457    i.USBD_FS_DeviceDescriptor  usbd_desc.o
    0x080029ec   0x080029ec   0x00000024   Code   RO          458    i.USBD_FS_InterfaceStrDescriptor  usbd_desc.o
    0x08002a10   0x08002a10   0x0000000c   Code   RO          459    i.USBD_FS_LangIDStrDescriptor  usbd_desc.o
    0x08002a1c   0x08002a1c   0x00000028   Code   RO          460    i.USBD_FS_ManufacturerStrDescriptor  usbd_desc.o
    0x08002a44   0x08002a44   0x0000002c   Code   RO          461    i.USBD_FS_ProductStrDescriptor  usbd_desc.o
    0x08002a70   0x08002a70   0x00000038   Code   RO          462    i.USBD_FS_SerialStrDescriptor  usbd_desc.o
    0x08002aa8   0x08002aa8   0x000000e0   Code   RO         3688    i.USBD_GetDescriptor  usbd_ctlreq.o
    0x08002b88   0x08002b88   0x00000046   Code   RO         3689    i.USBD_GetString    usbd_ctlreq.o
    0x08002bce   0x08002bce   0x00000018   Code   RO          257    i.USBD_Get_USB_Status  usbd_conf.o
    0x08002be6   0x08002be6   0x0000002a   Code   RO         3551    i.USBD_Init         usbd_core.o
    0x08002c10   0x08002c10   0x00000012   Code   RO          258    i.USBD_LL_ClearStallEP  usbd_conf.o
    0x08002c22   0x08002c22   0x00000012   Code   RO          259    i.USBD_LL_CloseEP   usbd_conf.o
    0x08002c34   0x08002c34   0x000000aa   Code   RO         3552    i.USBD_LL_DataInStage  usbd_core.o
    0x08002cde   0x08002cde   0x0000006a   Code   RO         3553    i.USBD_LL_DataOutStage  usbd_core.o
    0x08002d48   0x08002d48   0x00000008   Code   RO          263    i.USBD_LL_GetRxDataSize  usbd_conf.o
    0x08002d50   0x08002d50   0x00000080   Code   RO          264    i.USBD_LL_Init      usbd_conf.o
    0x08002dd0   0x08002dd0   0x0000001c   Code   RO          265    i.USBD_LL_IsStallEP  usbd_conf.o
    0x08002dec   0x08002dec   0x00000018   Code   RO          266    i.USBD_LL_OpenEP    usbd_conf.o
    0x08002e04   0x08002e04   0x00000012   Code   RO          267    i.USBD_LL_PrepareReceive  usbd_conf.o
    0x08002e16   0x08002e16   0x0000003e   Code   RO         3558    i.USBD_LL_Reset     usbd_core.o
    0x08002e54   0x08002e54   0x0000000c   Code   RO         3559    i.USBD_LL_Resume    usbd_core.o
    0x08002e60   0x08002e60   0x00000018   Code   RO         3560    i.USBD_LL_SOF       usbd_core.o
    0x08002e78   0x08002e78   0x00000006   Code   RO         3561    i.USBD_LL_SetSpeed  usbd_core.o
    0x08002e7e   0x08002e7e   0x00000012   Code   RO          268    i.USBD_LL_SetUSBAddress  usbd_conf.o
    0x08002e90   0x08002e90   0x0000005a   Code   RO         3562    i.USBD_LL_SetupStage  usbd_core.o
    0x08002eea   0x08002eea   0x00000012   Code   RO          269    i.USBD_LL_StallEP   usbd_conf.o
    0x08002efc   0x08002efc   0x00000012   Code   RO          270    i.USBD_LL_Start     usbd_conf.o
    0x08002f0e   0x08002f0e   0x00000012   Code   RO         3563    i.USBD_LL_Suspend   usbd_core.o
    0x08002f20   0x08002f20   0x00000012   Code   RO          272    i.USBD_LL_Transmit  usbd_conf.o
    0x08002f32   0x08002f32   0x00000028   Code   RO         3690    i.USBD_ParseSetupRequest  usbd_ctlreq.o
    0x08002f5a   0x08002f5a   0x00000010   Code   RO         3564    i.USBD_RegisterClass  usbd_core.o
    0x08002f6a   0x08002f6a   0x00000016   Code   RO         3566    i.USBD_SetClassConfig  usbd_core.o
    0x08002f80   0x08002f80   0x00000074   Code   RO         3691    i.USBD_SetConfig    usbd_ctlreq.o
    0x08002ff4   0x08002ff4   0x0000000a   Code   RO         3567    i.USBD_Start        usbd_core.o
    0x08002ffe   0x08002ffe   0x000000f2   Code   RO         3692    i.USBD_StdDevReq    usbd_ctlreq.o
    0x080030f0   0x080030f0   0x000000dc   Code   RO         3693    i.USBD_StdEPReq     usbd_ctlreq.o
    0x080031cc   0x080031cc   0x00000034   Code   RO         3694    i.USBD_StdItfReq    usbd_ctlreq.o
    0x08003200   0x08003200   0x00000002   Code   RO          273    i.USBD_static_free  usbd_conf.o
    0x08003202   0x08003202   0x00000002   PAD
    0x08003204   0x08003204   0x00000008   Code   RO          274    i.USBD_static_malloc  usbd_conf.o
    0x0800320c   0x0800320c   0x0000025c   Code   RO         1016    i.USB_ActivateEndpoint  stm32f1xx_ll_usb.o
    0x08003468   0x08003468   0x00000004   Code   RO         1019    i.USB_CoreInit      stm32f1xx_ll_usb.o
    0x0800346c   0x0800346c   0x00000124   Code   RO         1021    i.USB_DeactivateEndpoint  stm32f1xx_ll_usb.o
    0x08003590   0x08003590   0x00000004   Code   RO         1022    i.USB_DevConnect    stm32f1xx_ll_usb.o
    0x08003594   0x08003594   0x00000004   Code   RO         1023    i.USB_DevDisconnect  stm32f1xx_ll_usb.o
    0x08003598   0x08003598   0x0000001e   Code   RO         1024    i.USB_DevInit       stm32f1xx_ll_usb.o
    0x080035b6   0x080035b6   0x0000000e   Code   RO         1025    i.USB_DisableGlobalInt  stm32f1xx_ll_usb.o
    0x080035c4   0x080035c4   0x00000004   Code   RO         1026    i.USB_EP0_OutStart  stm32f1xx_ll_usb.o
    0x080035c8   0x080035c8   0x0000006a   Code   RO         1027    i.USB_EPClearStall  stm32f1xx_ll_usb.o
    0x08003632   0x08003632   0x0000004a   Code   RO         1028    i.USB_EPSetStall    stm32f1xx_ll_usb.o
    0x0800367c   0x0800367c   0x000001aa   Code   RO         1029    i.USB_EPStartXfer   stm32f1xx_ll_usb.o
    0x08003826   0x08003826   0x0000000e   Code   RO         1030    i.USB_EnableGlobalInt  stm32f1xx_ll_usb.o
    0x08003834   0x08003834   0x0000000c   Code   RO          590    i.USB_LP_CAN1_RX0_IRQHandler  stm32f1xx_it.o
    0x08003840   0x08003840   0x00000006   Code   RO         1037    i.USB_ReadInterrupts  stm32f1xx_ll_usb.o
    0x08003846   0x08003846   0x00000002   PAD
    0x08003848   0x08003848   0x0000001e   Code   RO         1038    i.USB_ReadPMA       stm32f1xx_ll_usb.o
    0x08003866   0x08003866   0x00000004   Code   RO         1040    i.USB_SetCurrentMode  stm32f1xx_ll_usb.o
    0x0800386a   0x0800386a   0x0000000c   Code   RO         1041    i.USB_SetDevAddress  stm32f1xx_ll_usb.o
    0x08003876   0x08003876   0x00000026   Code   RO         1043    i.USB_WritePMA      stm32f1xx_ll_usb.o
    0x0800389c   0x0800389c   0x00000002   Code   RO          591    i.UsageFault_Handler  stm32f1xx_it.o
    0x0800389e   0x0800389e   0x0000000e   Code   RO         3944    i.__scatterload_copy  mc_w.l(handlers.o)
    0x080038ac   0x080038ac   0x00000002   Code   RO         3945    i.__scatterload_null  mc_w.l(handlers.o)
    0x080038ae   0x080038ae   0x0000000e   Code   RO         3946    i.__scatterload_zeroinit  mc_w.l(handlers.o)
    0x080038bc   0x080038bc   0x000000c8   Code   RO           20    i.main              main.o
    0x08003984   0x08003984   0x00000010   Data   RO         3513    .constdata          system_stm32f1xx.o
    0x08003994   0x08003994   0x00000008   Data   RO         3514    .constdata          system_stm32f1xx.o
    0x0800399c   0x0800399c   0x00000020   Data   RO         3942    Region$$Table       anon$$obj.o


    Execution Region RW_IRAM1 (Exec base: 0x20000000, Load base: 0x080039bc, Size: 0x00001a10, Max: 0x00005000, ABSOLUTE, COMPRESSED[0x000000c4])

    Exec Addr    Load Addr    Size         Type   Attr      Idx    E Section Name        Object

    0x20000000   COMPRESSED   0x0000001c   Data   RW          464    .data               usbd_desc.o
    0x2000001c   COMPRESSED   0x00000032   Data   RW          465    .data               usbd_desc.o
    0x2000004e   COMPRESSED   0x00000002   PAD
    0x20000050   COMPRESSED   0x00000010   Data   RW          534    .data               usbd_cdc_if.o
    0x20000060   COMPRESSED   0x0000000c   Data   RW         2643    .data               stm32f1xx_hal.o
    0x2000006c   COMPRESSED   0x00000004   Data   RW         3515    .data               system_stm32f1xx.o
    0x20000070   COMPRESSED   0x00000001   Data   RW         3695    .data               usbd_ctlreq.o
    0x20000071   COMPRESSED   0x00000003   PAD
    0x20000074   COMPRESSED   0x000000db   Data   RW         3827    .data               usbd_cdc.o
    0x2000014f   COMPRESSED   0x00000001   PAD
    0x20000150   COMPRESSED   0x00000038   Data   RW         3828    .data               usbd_cdc.o
    0x20000188        -       0x000001cc   Zero   RW           21    .bss                main.o
    0x20000354        -       0x00000044   Zero   RW           22    .bss                main.o
    0x20000398        -       0x00000224   Zero   RW          213    .bss                usb_device.o
    0x200005bc        -       0x00000680   Zero   RW          275    .bss                usbd_conf.o
    0x20000c3c        -       0x00000200   Zero   RW          463    .bss                usbd_desc.o
    0x20000e3c        -       0x000007d0   Zero   RW          533    .bss                usbd_cdc_if.o
    0x2000160c   COMPRESSED   0x00000004   PAD
    0x20001610        -       0x00000400   Zero   RW            1    STACK               startup_stm32f103xb.o


==============================================================================

Image component sizes


      Code (inc. data)   RO Data    RW Data    ZI Data      Debug   Object Name

       782         54          0          0        528     465400   main.o
        36          8        236          0       1024        812   startup_stm32f103xb.o
       128         24          0         12          0       5349   stm32f1xx_hal.o
      1112         54          0          0          0       8594   stm32f1xx_hal_adc.o
       194         14          0          0          0      25795   stm32f1xx_hal_cortex.o
       586         32          0          0          0       3635   stm32f1xx_hal_dma.o
       454         36          0          0          0       2908   stm32f1xx_hal_gpio.o
       312         50          0          0          0       2813   stm32f1xx_hal_msp.o
      1810          0          0          0          0      10129   stm32f1xx_hal_pcd.o
        52          0          0          0          0       1190   stm32f1xx_hal_pcd_ex.o
        12          4          0          0          0        523   stm32f1xx_hal_pwr.o
      1276         86          0          0          0       4697   stm32f1xx_hal_rcc.o
       436         46          0          0          0       2557   stm32f1xx_hal_rcc_ex.o
       922         14          0          0          0       9484   stm32f1xx_hal_rtc.o
       900         14          0          0          0       9551   stm32f1xx_hal_tim.o
        84          0          0          0          0       2362   stm32f1xx_hal_tim_ex.o
        56         18          0          0          0       5203   stm32f1xx_it.o
      1666          0          0          0          0      12767   stm32f1xx_ll_usb.o
        72         16         24          4          0       1183   system_stm32f1xx.o
        84         18          0          0        548        772   usb_device.o
       590         22          0        275          0      12798   usbd_cdc.o
       112         22          0         16       2000       3212   usbd_cdc_if.o
       544         30          0          0       1664      13641   usbd_conf.o
       592          0          0          0          0       9268   usbd_core.o
       986         30          0          1          0       7812   usbd_ctlreq.o
       288        104          0         78        512       5737   usbd_desc.o
       132          0          0          0          0       4380   usbd_ioreq.o

    ----------------------------------------------------------------------
     14242        696        292        392       6280     632572   Object Totals
         0          0         32          0          0          0   (incl. Generated)
        24          0          0          6          4          0   (incl. Padding)

    ----------------------------------------------------------------------

      Code (inc. data)   RO Data    RW Data    ZI Data      Debug   Library Member Name

        86          0          0          0          0          0   __dczerorl2.o
         0          0          0          0          0          0   entry.o
         0          0          0          0          0          0   entry10a.o
         0          0          0          0          0          0   entry11a.o
         8          4          0          0          0          0   entry2.o
         4          0          0          0          0          0   entry5.o
         0          0          0          0          0          0   entry7b.o
         0          0          0          0          0          0   entry8b.o
         8          4          0          0          0          0   entry9a.o
        30          0          0          0          0          0   handlers.o
        36          8          0          0          0         68   init.o
        36          0          0          0          0         68   memcpya.o
        36          0          0          0          0        108   memseta.o

    ----------------------------------------------------------------------
       246         16          0          0          0        244   Library Totals
         2          0          0          0          0          0   (incl. Padding)

    ----------------------------------------------------------------------

      Code (inc. data)   RO Data    RW Data    ZI Data      Debug   Library Name

       244         16          0          0          0        244   mc_w.l

    ----------------------------------------------------------------------
       246         16          0          0          0        244   Library Totals

    ----------------------------------------------------------------------

==============================================================================


      Code (inc. data)   RO Data    RW Data    ZI Data      Debug   

     14488        712        292        392       6280     623168   Grand Totals
     14488        712        292        196       6280     623168   ELF Image Totals (compressed)
     14488        712        292        196          0          0   ROM Totals

==============================================================================

    Total RO  Size (Code + RO Data)                14780 (  14.43kB)
    Total RW  Size (RW Data + ZI Data)              6672 (   6.52kB)
    Total ROM Size (Code + RO Data + RW Data)      14976 (  14.63kB)

==============================================================================

